[2022-03-22T20:25:37.695+0000][179][gc] Using G1
[2022-03-22T20:25:37.699+0000][179][gc,init] Version: 16+36 (release)
[2022-03-22T20:25:37.699+0000][179][gc,init] CPUs: 24 total, 24 available
[2022-03-22T20:25:37.699+0000][179][gc,init] Memory: 25586M
[2022-03-22T20:25:37.699+0000][179][gc,init] Large Page Support: Disabled
[2022-03-22T20:25:37.699+0000][179][gc,init] NUMA Support: Disabled
[2022-03-22T20:25:37.699+0000][179][gc,init] Compressed Oops: Enabled (32-bit)
[2022-03-22T20:25:37.699+0000][179][gc,init] Heap Region Size: 1M
[2022-03-22T20:25:37.700+0000][179][gc,init] Heap Min Capacity: 512M
[2022-03-22T20:25:37.700+0000][179][gc,init] Heap Initial Capacity: 512M
[2022-03-22T20:25:37.700+0000][179][gc,init] Heap Max Capacity: 512M
[2022-03-22T20:25:37.700+0000][179][gc,init] Pre-touch: Disabled
[2022-03-22T20:25:37.700+0000][179][gc,init] Parallel Workers: 18
[2022-03-22T20:25:37.700+0000][179][gc,init] Concurrent Workers: 5
[2022-03-22T20:25:37.700+0000][179][gc,init] Concurrent Refinement Workers: 18
[2022-03-22T20:25:37.700+0000][179][gc,init] Periodic GC: Disabled
[2022-03-22T20:25:37.701+0000][179][gc,metaspace] CDS disabled.
[2022-03-22T20:25:37.701+0000][179][gc,metaspace] Compressed class space mapped at: 0x0000000100000000-0x0000000140000000, reserved size: 1073741824
[2022-03-22T20:25:37.701+0000][179][gc,metaspace] Narrow klass base: 0x0000000000000000, Narrow klass shift: 3, Narrow klass range: 0x140000000
[2022-03-22T20:25:37.746+0000][179][gc,heap,exit] Heap
[2022-03-22T20:25:37.746+0000][179][gc,heap,exit]  garbage-first heap   total 524288K, used 2048K [0x00000000e0000000, 0x0000000100000000)
[2022-03-22T20:25:37.746+0000][179][gc,heap,exit]   region size 1024K, 2 young (2048K), 0 survivors (0K)
[2022-03-22T20:25:37.746+0000][179][gc,heap,exit]  Metaspace       used 3566K, committed 3648K, reserved 1056768K
[2022-03-22T20:25:37.746+0000][179][gc,heap,exit]   class space    used 282K, committed 320K, reserved 1048576K
