[2022-03-22T20:55:26.513+0000][7][gc] Using G1
[2022-03-22T20:55:26.613+0000][7][gc,init] Version: 16+36 (release)
[2022-03-22T20:55:26.613+0000][7][gc,init] CPUs: 24 total, 24 available
[2022-03-22T20:55:26.614+0000][7][gc,init] Memory: 25586M
[2022-03-22T20:55:26.614+0000][7][gc,init] Large Page Support: Disabled
[2022-03-22T20:55:26.614+0000][7][gc,init] NUMA Support: Disabled
[2022-03-22T20:55:26.614+0000][7][gc,init] Compressed Oops: Enabled (32-bit)
[2022-03-22T20:55:26.614+0000][7][gc,init] Heap Region Size: 4M
[2022-03-22T20:55:26.615+0000][7][gc,init] Heap Min Capacity: 512M
[2022-03-22T20:55:26.615+0000][7][gc,init] Heap Initial Capacity: 512M
[2022-03-22T20:55:26.615+0000][7][gc,init] Heap Max Capacity: 512M
[2022-03-22T20:55:26.615+0000][7][gc,init] Pre-touch: Enabled
[2022-03-22T20:55:26.616+0000][7][gc,init] Parallel Workers: 18
[2022-03-22T20:55:26.616+0000][7][gc,init] Concurrent Workers: 5
[2022-03-22T20:55:26.616+0000][7][gc,init] Concurrent Refinement Workers: 18
[2022-03-22T20:55:26.616+0000][7][gc,init] Periodic GC: Disabled
[2022-03-22T20:55:26.617+0000][7][gc,metaspace] CDS archive(s) mapped at: [0x0000000800000000-0x0000000800bea000-0x0000000800bea000), size 12492800, SharedBaseAddress: 0x0000000800000000, ArchiveRelocationMode: 0.
[2022-03-22T20:55:26.617+0000][7][gc,metaspace] Compressed class space mapped at: 0x0000000800c00000-0x0000000840c00000, reserved size: 1073741824
[2022-03-22T20:55:26.617+0000][7][gc,metaspace] Narrow klass base: 0x0000000800000000, Narrow klass shift: 3, Narrow klass range: 0x100000000
[2022-03-22T20:55:26.896+0000][7][safepoint   ] Safepoint "ICBufferFull", Time since last: 273635062 ns, Reaching safepoint: 245959 ns, At safepoint: 25378 ns, Total: 271337 ns
[2022-03-22T20:55:27.072+0000][7][gc,start    ] GC(0) Pause Young (Normal) (G1 Evacuation Pause)
[2022-03-22T20:55:27.072+0000][7][gc,task     ] GC(0) Using 12 workers of 18 for evacuation
[2022-03-22T20:55:27.072+0000][7][gc,age      ] GC(0) Desired survivor size 2097152 bytes, new threshold 15 (max threshold 15)
[2022-03-22T20:55:27.077+0000][7][gc,age      ] GC(0) Age table with threshold 15 (max threshold 15)
[2022-03-22T20:55:27.077+0000][7][gc,age      ] GC(0) - age   1:    4156928 bytes,    4156928 total
[2022-03-22T20:55:27.077+0000][7][gc,phases   ] GC(0)   Pre Evacuate Collection Set: 0.2ms
[2022-03-22T20:55:27.077+0000][7][gc,phases   ] GC(0)   Merge Heap Roots: 0.2ms
[2022-03-22T20:55:27.077+0000][7][gc,phases   ] GC(0)   Evacuate Collection Set: 2.6ms
[2022-03-22T20:55:27.077+0000][7][gc,phases   ] GC(0)   Post Evacuate Collection Set: 1.0ms
[2022-03-22T20:55:27.077+0000][7][gc,phases   ] GC(0)   Other: 1.1ms
[2022-03-22T20:55:27.078+0000][7][gc,heap     ] GC(0) Eden regions: 6->0(6)
[2022-03-22T20:55:27.078+0000][7][gc,heap     ] GC(0) Survivor regions: 0->1(1)
[2022-03-22T20:55:27.078+0000][7][gc,heap     ] GC(0) Old regions: 0->1
[2022-03-22T20:55:27.078+0000][7][gc,heap     ] GC(0) Archive regions: 2->2
[2022-03-22T20:55:27.078+0000][7][gc,heap     ] GC(0) Humongous regions: 0->0
[2022-03-22T20:55:27.078+0000][7][gc,metaspace] GC(0) Metaspace: 7646K(7808K)->7646K(7808K) NonClass: 6825K(6912K)->6825K(6912K) Class: 820K(896K)->820K(896K)
[2022-03-22T20:55:27.078+0000][7][gc          ] GC(0) Pause Young (Normal) (G1 Evacuation Pause) 27M->8M(512M) 6.439ms
[2022-03-22T20:55:27.078+0000][7][gc,cpu      ] GC(0) User=0.01s Sys=0.02s Real=0.00s
[2022-03-22T20:55:27.079+0000][7][safepoint   ] Safepoint "G1CollectForAllocation", Time since last: 175408151 ns, Reaching safepoint: 157926 ns, At safepoint: 6867304 ns, Total: 7025230 ns
[2022-03-22T20:55:27.655+0000][7][gc,start    ] GC(1) Pause Young (Normal) (G1 Evacuation Pause)
[2022-03-22T20:55:27.656+0000][7][gc,task     ] GC(1) Using 12 workers of 18 for evacuation
[2022-03-22T20:55:27.656+0000][7][gc,age      ] GC(1) Desired survivor size 2097152 bytes, new threshold 1 (max threshold 15)
[2022-03-22T20:55:27.660+0000][7][gc,age      ] GC(1) Age table with threshold 1 (max threshold 15)
[2022-03-22T20:55:27.660+0000][7][gc,age      ] GC(1) - age   1:    2096736 bytes,    2096736 total
[2022-03-22T20:55:27.661+0000][7][gc,phases   ] GC(1)   Pre Evacuate Collection Set: 0.2ms
[2022-03-22T20:55:27.661+0000][7][gc,phases   ] GC(1)   Merge Heap Roots: 0.2ms
[2022-03-22T20:55:27.661+0000][7][gc,phases   ] GC(1)   Evacuate Collection Set: 2.9ms
[2022-03-22T20:55:27.661+0000][7][gc,phases   ] GC(1)   Post Evacuate Collection Set: 0.9ms
[2022-03-22T20:55:27.661+0000][7][gc,phases   ] GC(1)   Other: 1.0ms
[2022-03-22T20:55:27.661+0000][7][gc,heap     ] GC(1) Eden regions: 6->0(15)
[2022-03-22T20:55:27.661+0000][7][gc,heap     ] GC(1) Survivor regions: 1->1(1)
[2022-03-22T20:55:27.661+0000][7][gc,heap     ] GC(1) Old regions: 1->1
[2022-03-22T20:55:27.662+0000][7][gc,heap     ] GC(1) Archive regions: 2->2
[2022-03-22T20:55:27.662+0000][7][gc,heap     ] GC(1) Humongous regions: 0->0
[2022-03-22T20:55:27.662+0000][7][gc,metaspace] GC(1) Metaspace: 12124K(12288K)->12124K(12288K) NonClass: 10713K(10816K)->10713K(10816K) Class: 1411K(1472K)->1411K(1472K)
[2022-03-22T20:55:27.662+0000][7][gc          ] GC(1) Pause Young (Normal) (G1 Evacuation Pause) 32M->10M(512M) 6.599ms
[2022-03-22T20:55:27.662+0000][7][gc,cpu      ] GC(1) User=0.02s Sys=0.02s Real=0.01s
[2022-03-22T20:55:27.662+0000][7][safepoint   ] Safepoint "G1CollectForAllocation", Time since last: 576457816 ns, Reaching safepoint: 251431 ns, At safepoint: 6975216 ns, Total: 7226647 ns
[2022-03-22T20:55:27.984+0000][7][safepoint   ] Safepoint "ICBufferFull", Time since last: 321731203 ns, Reaching safepoint: 255478 ns, At safepoint: 59482 ns, Total: 314960 ns
[2022-03-22T20:55:28.147+0000][7][gc,start    ] GC(2) Pause Young (Normal) (G1 Evacuation Pause)
[2022-03-22T20:55:28.147+0000][7][gc,task     ] GC(2) Using 12 workers of 18 for evacuation
[2022-03-22T20:55:28.148+0000][7][gc,age      ] GC(2) Desired survivor size 4194304 bytes, new threshold 15 (max threshold 15)
[2022-03-22T20:55:28.152+0000][7][gc,age      ] GC(2) Age table with threshold 15 (max threshold 15)
[2022-03-22T20:55:28.153+0000][7][gc,age      ] GC(2) - age   1:    1325504 bytes,    1325504 total
[2022-03-22T20:55:28.153+0000][7][gc,age      ] GC(2) - age   2:    2059512 bytes,    3385016 total
[2022-03-22T20:55:28.153+0000][7][gc,phases   ] GC(2)   Pre Evacuate Collection Set: 0.3ms
[2022-03-22T20:55:28.153+0000][7][gc,phases   ] GC(2)   Merge Heap Roots: 0.3ms
[2022-03-22T20:55:28.153+0000][7][gc,phases   ] GC(2)   Evacuate Collection Set: 2.3ms
[2022-03-22T20:55:28.154+0000][7][gc,phases   ] GC(2)   Post Evacuate Collection Set: 1.7ms
[2022-03-22T20:55:28.154+0000][7][gc,phases   ] GC(2)   Other: 1.6ms
[2022-03-22T20:55:28.154+0000][7][gc,heap     ] GC(2) Eden regions: 15->0(72)
[2022-03-22T20:55:28.154+0000][7][gc,heap     ] GC(2) Survivor regions: 1->1(2)
[2022-03-22T20:55:28.154+0000][7][gc,heap     ] GC(2) Old regions: 1->1
[2022-03-22T20:55:28.154+0000][7][gc,heap     ] GC(2) Archive regions: 2->2
[2022-03-22T20:55:28.154+0000][7][gc,heap     ] GC(2) Humongous regions: 0->0
[2022-03-22T20:55:28.155+0000][7][gc,metaspace] GC(2) Metaspace: 14823K(15040K)->14823K(15040K) NonClass: 13166K(13312K)->13166K(13312K) Class: 1656K(1728K)->1656K(1728K)
[2022-03-22T20:55:28.155+0000][7][gc          ] GC(2) Pause Young (Normal) (G1 Evacuation Pause) 70M->11M(512M) 7.643ms
[2022-03-22T20:55:28.155+0000][7][gc,cpu      ] GC(2) User=0.04s Sys=0.02s Real=0.01s
[2022-03-22T20:55:28.155+0000][7][safepoint   ] Safepoint "G1CollectForAllocation", Time since last: 162326165 ns, Reaching safepoint: 280135 ns, At safepoint: 8120139 ns, Total: 8400274 ns
[2022-03-22T20:55:28.231+0000][7][safepoint   ] Safepoint "ICBufferFull", Time since last: 76097202 ns, Reaching safepoint: 256480 ns, At safepoint: 20899 ns, Total: 277379 ns
[2022-03-22T20:55:28.235+0000][7][safepoint   ] Safepoint "ICBufferFull", Time since last: 3020153 ns, Reaching safepoint: 345305 ns, At safepoint: 26941 ns, Total: 372246 ns
[2022-03-22T20:55:28.237+0000][7][safepoint   ] Safepoint "ICBufferFull", Time since last: 2006346 ns, Reaching safepoint: 221104 ns, At safepoint: 20879 ns, Total: 241983 ns
[2022-03-22T20:55:28.240+0000][7][safepoint   ] Safepoint "ICBufferFull", Time since last: 2518944 ns, Reaching safepoint: 214291 ns, At safepoint: 3838 ns, Total: 218129 ns
[2022-03-22T20:55:28.243+0000][7][safepoint   ] Safepoint "ICBufferFull", Time since last: 2527760 ns, Reaching safepoint: 274063 ns, At safepoint: 5661 ns, Total: 279724 ns
[2022-03-22T20:55:28.245+0000][7][safepoint   ] Safepoint "ICBufferFull", Time since last: 1945131 ns, Reaching safepoint: 218168 ns, At safepoint: 3988 ns, Total: 222156 ns
[2022-03-22T20:55:28.247+0000][7][safepoint   ] Safepoint "ICBufferFull", Time since last: 2068872 ns, Reaching safepoint: 229720 ns, At safepoint: 3927 ns, Total: 233647 ns
[2022-03-22T20:55:28.249+0000][7][safepoint   ] Safepoint "ICBufferFull", Time since last: 1882754 ns, Reaching safepoint: 218650 ns, At safepoint: 3747 ns, Total: 222397 ns
[2022-03-22T20:55:28.252+0000][7][safepoint   ] Safepoint "ICBufferFull", Time since last: 2588755 ns, Reaching safepoint: 217156 ns, At safepoint: 3808 ns, Total: 220964 ns
[2022-03-22T20:55:28.255+0000][7][safepoint   ] Safepoint "ICBufferFull", Time since last: 2378201 ns, Reaching safepoint: 245620 ns, At safepoint: 26068 ns, Total: 271688 ns
[2022-03-22T20:55:28.257+0000][7][safepoint   ] Safepoint "ICBufferFull", Time since last: 2405733 ns, Reaching safepoint: 224160 ns, At safepoint: 3817 ns, Total: 227977 ns
[2022-03-22T20:55:28.260+0000][7][safepoint   ] Safepoint "ICBufferFull", Time since last: 2317898 ns, Reaching safepoint: 234870 ns, At safepoint: 3667 ns, Total: 238537 ns
[2022-03-22T20:55:28.263+0000][7][safepoint   ] Safepoint "ICBufferFull", Time since last: 2575019 ns, Reaching safepoint: 227627 ns, At safepoint: 3887 ns, Total: 231514 ns
[2022-03-22T20:55:28.266+0000][7][safepoint   ] Safepoint "ICBufferFull", Time since last: 2976120 ns, Reaching safepoint: 225102 ns, At safepoint: 3716 ns, Total: 228818 ns
[2022-03-22T20:55:28.406+0000][7][safepoint   ] Safepoint "ICBufferFull", Time since last: 139946147 ns, Reaching safepoint: 353442 ns, At safepoint: 121608 ns, Total: 475050 ns
[2022-03-22T20:55:28.651+0000][7][gc,start    ] GC(3) Pause Young (Normal) (G1 Evacuation Pause)
[2022-03-22T20:55:28.651+0000][7][gc,task     ] GC(3) Using 12 workers of 18 for evacuation
[2022-03-22T20:55:28.651+0000][7][gc,age      ] GC(3) Desired survivor size 20971520 bytes, new threshold 15 (max threshold 15)
[2022-03-22T20:55:28.657+0000][7][gc,age      ] GC(3) Age table with threshold 15 (max threshold 15)
[2022-03-22T20:55:28.657+0000][7][gc,age      ] GC(3) - age   1:    5410384 bytes,    5410384 total
[2022-03-22T20:55:28.658+0000][7][gc,age      ] GC(3) - age   2:    1301168 bytes,    6711552 total
[2022-03-22T20:55:28.658+0000][7][gc,age      ] GC(3) - age   3:    2044768 bytes,    8756320 total
[2022-03-22T20:55:28.658+0000][7][gc,phases   ] GC(3)   Pre Evacuate Collection Set: 0.3ms
[2022-03-22T20:55:28.658+0000][7][gc,phases   ] GC(3)   Merge Heap Roots: 0.2ms
[2022-03-22T20:55:28.658+0000][7][gc,phases   ] GC(3)   Evacuate Collection Set: 3.6ms
[2022-03-22T20:55:28.659+0000][7][gc,phases   ] GC(3)   Post Evacuate Collection Set: 1.3ms
[2022-03-22T20:55:28.659+0000][7][gc,phases   ] GC(3)   Other: 1.9ms
[2022-03-22T20:55:28.659+0000][7][gc,heap     ] GC(3) Eden regions: 72->0(73)
[2022-03-22T20:55:28.659+0000][7][gc,heap     ] GC(3) Survivor regions: 1->3(10)
[2022-03-22T20:55:28.659+0000][7][gc,heap     ] GC(3) Old regions: 1->1
[2022-03-22T20:55:28.659+0000][7][gc,heap     ] GC(3) Archive regions: 2->2
[2022-03-22T20:55:28.659+0000][7][gc,heap     ] GC(3) Humongous regions: 0->0
[2022-03-22T20:55:28.660+0000][7][gc,metaspace] GC(3) Metaspace: 18611K(18880K)->18611K(18880K) NonClass: 16414K(16576K)->16414K(16576K) Class: 2197K(2304K)->2197K(2304K)
[2022-03-22T20:55:28.660+0000][7][gc          ] GC(3) Pause Young (Normal) (G1 Evacuation Pause) 299M->16M(512M) 8.991ms
[2022-03-22T20:55:28.660+0000][7][gc,cpu      ] GC(3) User=0.05s Sys=0.00s Real=0.01s
[2022-03-22T20:55:28.660+0000][7][safepoint   ] Safepoint "G1CollectForAllocation", Time since last: 244062802 ns, Reaching safepoint: 245580 ns, At safepoint: 9363205 ns, Total: 9608785 ns
[2022-03-22T20:55:28.913+0000][7][gc,start    ] GC(4) Pause Young (Normal) (G1 Evacuation Pause)
[2022-03-22T20:55:28.913+0000][7][gc,task     ] GC(4) Using 12 workers of 18 for evacuation
[2022-03-22T20:55:28.913+0000][7][gc,age      ] GC(4) Desired survivor size 20971520 bytes, new threshold 15 (max threshold 15)
[2022-03-22T20:55:28.919+0000][7][gc,age      ] GC(4) Age table with threshold 15 (max threshold 15)
[2022-03-22T20:55:28.920+0000][7][gc,age      ] GC(4) - age   1:    2630912 bytes,    2630912 total
[2022-03-22T20:55:28.920+0000][7][gc,age      ] GC(4) - age   2:    4803808 bytes,    7434720 total
[2022-03-22T20:55:28.920+0000][7][gc,age      ] GC(4) - age   3:    1301168 bytes,    8735888 total
[2022-03-22T20:55:28.921+0000][7][gc,age      ] GC(4) - age   4:    2044768 bytes,   10780656 total
[2022-03-22T20:55:28.921+0000][7][gc,phases   ] GC(4)   Pre Evacuate Collection Set: 0.3ms
[2022-03-22T20:55:28.921+0000][7][gc,phases   ] GC(4)   Merge Heap Roots: 0.2ms
[2022-03-22T20:55:28.921+0000][7][gc,phases   ] GC(4)   Evacuate Collection Set: 3.9ms
[2022-03-22T20:55:28.921+0000][7][gc,phases   ] GC(4)   Post Evacuate Collection Set: 1.3ms
[2022-03-22T20:55:28.922+0000][7][gc,phases   ] GC(4)   Other: 2.4ms
[2022-03-22T20:55:28.922+0000][7][gc,heap     ] GC(4) Eden regions: 73->0(73)
[2022-03-22T20:55:28.922+0000][7][gc,heap     ] GC(4) Survivor regions: 3->3(10)
[2022-03-22T20:55:28.922+0000][7][gc,heap     ] GC(4) Old regions: 1->1
[2022-03-22T20:55:28.922+0000][7][gc,heap     ] GC(4) Archive regions: 2->2
[2022-03-22T20:55:28.922+0000][7][gc,heap     ] GC(4) Humongous regions: 0->0
[2022-03-22T20:55:28.922+0000][7][gc,metaspace] GC(4) Metaspace: 19365K(19712K)->19365K(19712K) NonClass: 17058K(17280K)->17058K(17280K) Class: 2306K(2432K)->2306K(2432K)
[2022-03-22T20:55:28.922+0000][7][gc          ] GC(4) Pause Young (Normal) (G1 Evacuation Pause) 308M->18M(512M) 9.621ms
[2022-03-22T20:55:28.922+0000][7][gc,cpu      ] GC(4) User=0.06s Sys=0.01s Real=0.01s
[2022-03-22T20:55:28.923+0000][7][safepoint   ] Safepoint "G1CollectForAllocation", Time since last: 252382604 ns, Reaching safepoint: 277540 ns, At safepoint: 9985790 ns, Total: 10263330 ns
[2022-03-22T20:55:29.174+0000][7][gc,start    ] GC(5) Pause Young (Normal) (G1 Evacuation Pause)
[2022-03-22T20:55:29.175+0000][7][gc,task     ] GC(5) Using 12 workers of 18 for evacuation
[2022-03-22T20:55:29.175+0000][7][gc,age      ] GC(5) Desired survivor size 20971520 bytes, new threshold 15 (max threshold 15)
[2022-03-22T20:55:29.180+0000][7][gc,age      ] GC(5) Age table with threshold 15 (max threshold 15)
[2022-03-22T20:55:29.180+0000][7][gc,age      ] GC(5) - age   1:    1294976 bytes,    1294976 total
[2022-03-22T20:55:29.181+0000][7][gc,age      ] GC(5) - age   2:    2047552 bytes,    3342528 total
[2022-03-22T20:55:29.181+0000][7][gc,age      ] GC(5) - age   3:    4803736 bytes,    8146264 total
[2022-03-22T20:55:29.181+0000][7][gc,age      ] GC(5) - age   4:    1293744 bytes,    9440008 total
[2022-03-22T20:55:29.181+0000][7][gc,age      ] GC(5) - age   5:    2044768 bytes,   11484776 total
[2022-03-22T20:55:29.181+0000][7][gc,phases   ] GC(5)   Pre Evacuate Collection Set: 0.2ms
[2022-03-22T20:55:29.181+0000][7][gc,phases   ] GC(5)   Merge Heap Roots: 0.2ms
[2022-03-22T20:55:29.181+0000][7][gc,phases   ] GC(5)   Evacuate Collection Set: 3.6ms
[2022-03-22T20:55:29.182+0000][7][gc,phases   ] GC(5)   Post Evacuate Collection Set: 1.3ms
[2022-03-22T20:55:29.182+0000][7][gc,phases   ] GC(5)   Other: 1.7ms
[2022-03-22T20:55:29.182+0000][7][gc,heap     ] GC(5) Eden regions: 73->0(73)
[2022-03-22T20:55:29.182+0000][7][gc,heap     ] GC(5) Survivor regions: 3->3(10)
[2022-03-22T20:55:29.182+0000][7][gc,heap     ] GC(5) Old regions: 1->1
[2022-03-22T20:55:29.182+0000][7][gc,heap     ] GC(5) Archive regions: 2->2
[2022-03-22T20:55:29.182+0000][7][gc,heap     ] GC(5) Humongous regions: 0->0
[2022-03-22T20:55:29.182+0000][7][gc,metaspace] GC(5) Metaspace: 19910K(20288K)->19910K(20288K) NonClass: 17531K(17728K)->17531K(17728K) Class: 2378K(2560K)->2378K(2560K)
[2022-03-22T20:55:29.183+0000][7][gc          ] GC(5) Pause Young (Normal) (G1 Evacuation Pause) 310M->19M(512M) 8.198ms
[2022-03-22T20:55:29.183+0000][7][gc,cpu      ] GC(5) User=0.04s Sys=0.01s Real=0.01s
[2022-03-22T20:55:29.183+0000][7][safepoint   ] Safepoint "G1CollectForAllocation", Time since last: 251359650 ns, Reaching safepoint: 268002 ns, At safepoint: 8542158 ns, Total: 8810160 ns
[2022-03-22T20:55:29.366+0000][7][gc,start    ] GC(6) Pause Young (Normal) (G1 Evacuation Pause)
[2022-03-22T20:55:29.367+0000][7][gc,task     ] GC(6) Using 12 workers of 18 for evacuation
[2022-03-22T20:55:29.367+0000][7][gc,age      ] GC(6) Desired survivor size 20971520 bytes, new threshold 15 (max threshold 15)
[2022-03-22T20:55:29.374+0000][7][gc,age      ] GC(6) Age table with threshold 15 (max threshold 15)
[2022-03-22T20:55:29.374+0000][7][gc,age      ] GC(6) - age   1:    1114704 bytes,    1114704 total
[2022-03-22T20:55:29.374+0000][7][gc,age      ] GC(6) - age   2:    1271760 bytes,    2386464 total
[2022-03-22T20:55:29.374+0000][7][gc,age      ] GC(6) - age   3:    2046880 bytes,    4433344 total
[2022-03-22T20:55:29.374+0000][7][gc,age      ] GC(6) - age   4:    4803384 bytes,    9236728 total
[2022-03-22T20:55:29.374+0000][7][gc,age      ] GC(6) - age   5:    1293744 bytes,   10530472 total
[2022-03-22T20:55:29.374+0000][7][gc,age      ] GC(6) - age   6:    2044768 bytes,   12575240 total
[2022-03-22T20:55:29.374+0000][7][gc,phases   ] GC(6)   Pre Evacuate Collection Set: 0.3ms
[2022-03-22T20:55:29.375+0000][7][gc,phases   ] GC(6)   Merge Heap Roots: 0.2ms
[2022-03-22T20:55:29.375+0000][7][gc,phases   ] GC(6)   Evacuate Collection Set: 4.5ms
[2022-03-22T20:55:29.375+0000][7][gc,phases   ] GC(6)   Post Evacuate Collection Set: 1.3ms
[2022-03-22T20:55:29.375+0000][7][gc,phases   ] GC(6)   Other: 1.7ms
[2022-03-22T20:55:29.375+0000][7][gc,heap     ] GC(6) Eden regions: 73->0(72)
[2022-03-22T20:55:29.375+0000][7][gc,heap     ] GC(6) Survivor regions: 3->4(10)
[2022-03-22T20:55:29.375+0000][7][gc,heap     ] GC(6) Old regions: 1->1
[2022-03-22T20:55:29.375+0000][7][gc,heap     ] GC(6) Archive regions: 2->2
[2022-03-22T20:55:29.376+0000][7][gc,heap     ] GC(6) Humongous regions: 0->0
[2022-03-22T20:55:29.376+0000][7][gc,metaspace] GC(6) Metaspace: 20185K(20544K)->20185K(20544K) NonClass: 17756K(17984K)->17756K(17984K) Class: 2428K(2560K)->2428K(2560K)
[2022-03-22T20:55:29.376+0000][7][gc          ] GC(6) Pause Young (Normal) (G1 Evacuation Pause) 311M->21M(512M) 9.358ms
[2022-03-22T20:55:29.376+0000][7][gc,cpu      ] GC(6) User=0.05s Sys=0.00s Real=0.01s
[2022-03-22T20:55:29.376+0000][7][safepoint   ] Safepoint "G1CollectForAllocation", Time since last: 183366136 ns, Reaching safepoint: 251000 ns, At safepoint: 9648870 ns, Total: 9899870 ns
[2022-03-22T20:55:29.491+0000][7][gc,start    ] GC(7) Pause Young (Concurrent Start) (Metadata GC Threshold)
[2022-03-22T20:55:29.491+0000][7][gc,task     ] GC(7) Using 12 workers of 18 for evacuation
[2022-03-22T20:55:29.491+0000][7][gc,age      ] GC(7) Desired survivor size 20971520 bytes, new threshold 15 (max threshold 15)
[2022-03-22T20:55:29.497+0000][7][gc,age      ] GC(7) Age table with threshold 15 (max threshold 15)
[2022-03-22T20:55:29.497+0000][7][gc,age      ] GC(7) - age   1:    1584256 bytes,    1584256 total
[2022-03-22T20:55:29.498+0000][7][gc,age      ] GC(7) - age   2:     432952 bytes,    2017208 total
[2022-03-22T20:55:29.498+0000][7][gc,age      ] GC(7) - age   3:    1271760 bytes,    3288968 total
[2022-03-22T20:55:29.498+0000][7][gc,age      ] GC(7) - age   4:    2045808 bytes,    5334776 total
[2022-03-22T20:55:29.498+0000][7][gc,age      ] GC(7) - age   5:    4803136 bytes,   10137912 total
[2022-03-22T20:55:29.498+0000][7][gc,age      ] GC(7) - age   6:    1293104 bytes,   11431016 total
[2022-03-22T20:55:29.498+0000][7][gc,age      ] GC(7) - age   7:    2044160 bytes,   13475176 total
[2022-03-22T20:55:29.498+0000][7][gc,phases   ] GC(7)   Pre Evacuate Collection Set: 0.2ms
[2022-03-22T20:55:29.499+0000][7][gc,phases   ] GC(7)   Merge Heap Roots: 0.2ms
[2022-03-22T20:55:29.499+0000][7][gc,phases   ] GC(7)   Evacuate Collection Set: 4.0ms
[2022-03-22T20:55:29.499+0000][7][gc,phases   ] GC(7)   Post Evacuate Collection Set: 1.3ms
[2022-03-22T20:55:29.499+0000][7][gc,phases   ] GC(7)   Other: 2.0ms
[2022-03-22T20:55:29.499+0000][7][gc,heap     ] GC(7) Eden regions: 32->0(72)
[2022-03-22T20:55:29.499+0000][7][gc,heap     ] GC(7) Survivor regions: 4->4(10)
[2022-03-22T20:55:29.499+0000][7][gc,heap     ] GC(7) Old regions: 1->1
[2022-03-22T20:55:29.499+0000][7][gc,heap     ] GC(7) Archive regions: 2->2
[2022-03-22T20:55:29.500+0000][7][gc,heap     ] GC(7) Humongous regions: 0->0
[2022-03-22T20:55:29.500+0000][7][gc,metaspace] GC(7) Metaspace: 20869K(21248K)->20869K(21248K) NonClass: 18349K(18560K)->18349K(18560K) Class: 2520K(2688K)->2520K(2688K)
[2022-03-22T20:55:29.500+0000][7][gc          ] GC(7) Pause Young (Concurrent Start) (Metadata GC Threshold) 147M->21M(512M) 9.255ms
[2022-03-22T20:55:29.500+0000][7][gc,cpu      ] GC(7) User=0.06s Sys=0.01s Real=0.01s
[2022-03-22T20:55:29.500+0000][7][gc          ] GC(8) Concurrent Mark Cycle
[2022-03-22T20:55:29.500+0000][7][safepoint   ] Safepoint "CollectForMetadataAllocation", Time since last: 114276662 ns, Reaching safepoint: 226995 ns, At safepoint: 9705868 ns, Total: 9932863 ns
[2022-03-22T20:55:29.500+0000][7][gc,marking  ] GC(8) Concurrent Clear Claimed Marks
[2022-03-22T20:55:29.501+0000][7][gc,marking  ] GC(8) Concurrent Clear Claimed Marks 0.357ms
[2022-03-22T20:55:29.501+0000][7][gc,marking  ] GC(8) Concurrent Scan Root Regions
[2022-03-22T20:55:29.503+0000][7][gc,marking  ] GC(8) Concurrent Scan Root Regions 1.843ms
[2022-03-22T20:55:29.503+0000][7][gc,marking  ] GC(8) Concurrent Mark
[2022-03-22T20:55:29.503+0000][7][gc,marking  ] GC(8) Concurrent Mark From Roots
[2022-03-22T20:55:29.503+0000][7][gc,task     ] GC(8) Using 5 workers of 5 for marking
[2022-03-22T20:55:29.507+0000][7][gc,marking  ] GC(8) Concurrent Mark From Roots 3.513ms
[2022-03-22T20:55:29.507+0000][7][gc,marking  ] GC(8) Concurrent Preclean
[2022-03-22T20:55:29.507+0000][7][gc,marking  ] GC(8) Concurrent Preclean 0.225ms
[2022-03-22T20:55:29.508+0000][7][gc,start    ] GC(8) Pause Remark
[2022-03-22T20:55:29.510+0000][7][gc          ] GC(8) Pause Remark 24M->24M(512M) 2.722ms
[2022-03-22T20:55:29.510+0000][7][gc,cpu      ] GC(8) User=0.01s Sys=0.00s Real=0.00s
[2022-03-22T20:55:29.511+0000][7][safepoint   ] Safepoint "G1Concurrent", Time since last: 6904772 ns, Reaching safepoint: 337631 ns, At safepoint: 3074324 ns, Total: 3411955 ns
[2022-03-22T20:55:29.511+0000][7][gc,marking  ] GC(8) Concurrent Mark 7.887ms
[2022-03-22T20:55:29.511+0000][7][gc,marking  ] GC(8) Concurrent Rebuild Remembered Sets
[2022-03-22T20:55:29.513+0000][7][gc,marking  ] GC(8) Concurrent Rebuild Remembered Sets 1.579ms
[2022-03-22T20:55:29.513+0000][7][gc,start    ] GC(8) Pause Cleanup
[2022-03-22T20:55:29.513+0000][7][gc          ] GC(8) Pause Cleanup 24M->24M(512M) 0.365ms
[2022-03-22T20:55:29.514+0000][7][gc,cpu      ] GC(8) User=0.00s Sys=0.00s Real=0.00s
[2022-03-22T20:55:29.514+0000][7][safepoint   ] Safepoint "G1Concurrent", Time since last: 2166726 ns, Reaching safepoint: 319848 ns, At safepoint: 660377 ns, Total: 980225 ns
[2022-03-22T20:55:29.514+0000][7][gc,marking  ] GC(8) Concurrent Cleanup for Next Mark
[2022-03-22T20:55:29.515+0000][7][gc,marking  ] GC(8) Concurrent Cleanup for Next Mark 1.030ms
[2022-03-22T20:55:29.515+0000][7][gc          ] GC(8) Concurrent Mark Cycle 14.897ms
[2022-03-22T20:55:29.710+0000][7][gc,start    ] GC(9) Pause Young (Normal) (G1 Evacuation Pause)
[2022-03-22T20:55:29.710+0000][7][gc,task     ] GC(9) Using 12 workers of 18 for evacuation
[2022-03-22T20:55:29.710+0000][7][gc,age      ] GC(9) Desired survivor size 20971520 bytes, new threshold 15 (max threshold 15)
[2022-03-22T20:55:29.716+0000][7][gc,age      ] GC(9) Age table with threshold 15 (max threshold 15)
[2022-03-22T20:55:29.717+0000][7][gc,age      ] GC(9) - age   1:    1344488 bytes,    1344488 total
[2022-03-22T20:55:29.717+0000][7][gc,age      ] GC(9) - age   2:    1561616 bytes,    2906104 total
[2022-03-22T20:55:29.717+0000][7][gc,age      ] GC(9) - age   3:     431416 bytes,    3337520 total
[2022-03-22T20:55:29.717+0000][7][gc,age      ] GC(9) - age   4:    1271424 bytes,    4608944 total
[2022-03-22T20:55:29.717+0000][7][gc,age      ] GC(9) - age   5:    2045808 bytes,    6654752 total
[2022-03-22T20:55:29.717+0000][7][gc,age      ] GC(9) - age   6:    4802592 bytes,   11457344 total
[2022-03-22T20:55:29.717+0000][7][gc,age      ] GC(9) - age   7:    1292496 bytes,   12749840 total
[2022-03-22T20:55:29.718+0000][7][gc,age      ] GC(9) - age   8:    2041552 bytes,   14791392 total
[2022-03-22T20:55:29.718+0000][7][gc,phases   ] GC(9)   Pre Evacuate Collection Set: 0.2ms
[2022-03-22T20:55:29.718+0000][7][gc,phases   ] GC(9)   Merge Heap Roots: 0.3ms
[2022-03-22T20:55:29.718+0000][7][gc,phases   ] GC(9)   Evacuate Collection Set: 4.3ms
[2022-03-22T20:55:29.718+0000][7][gc,phases   ] GC(9)   Post Evacuate Collection Set: 1.2ms
[2022-03-22T20:55:29.718+0000][7][gc,phases   ] GC(9)   Other: 2.0ms
[2022-03-22T20:55:29.719+0000][7][gc,heap     ] GC(9) Eden regions: 72->0(72)
[2022-03-22T20:55:29.719+0000][7][gc,heap     ] GC(9) Survivor regions: 4->4(10)
[2022-03-22T20:55:29.719+0000][7][gc,heap     ] GC(9) Old regions: 1->1
[2022-03-22T20:55:29.719+0000][7][gc,heap     ] GC(9) Archive regions: 2->2
[2022-03-22T20:55:29.719+0000][7][gc,heap     ] GC(9) Humongous regions: 0->0
[2022-03-22T20:55:29.719+0000][7][gc,metaspace] GC(9) Metaspace: 21377K(21888K)->21377K(21888K) NonClass: 18794K(19136K)->18794K(19136K) Class: 2583K(2752K)->2583K(2752K)
[2022-03-22T20:55:29.719+0000][7][gc          ] GC(9) Pause Young (Normal) (G1 Evacuation Pause) 309M->23M(512M) 9.570ms
[2022-03-22T20:55:29.720+0000][7][gc,cpu      ] GC(9) User=0.03s Sys=0.02s Real=0.01s
[2022-03-22T20:55:29.720+0000][7][safepoint   ] Safepoint "G1CollectForAllocation", Time since last: 195714518 ns, Reaching safepoint: 300803 ns, At safepoint: 9872900 ns, Total: 10173703 ns
[2022-03-22T20:55:29.957+0000][7][gc,start    ] GC(10) Pause Young (Normal) (G1 Evacuation Pause)
[2022-03-22T20:55:29.957+0000][7][gc,task     ] GC(10) Using 12 workers of 18 for evacuation
[2022-03-22T20:55:29.957+0000][7][gc,age      ] GC(10) Desired survivor size 20971520 bytes, new threshold 15 (max threshold 15)
[2022-03-22T20:55:29.963+0000][7][gc,age      ] GC(10) Age table with threshold 15 (max threshold 15)
[2022-03-22T20:55:29.964+0000][7][gc,age      ] GC(10) - age   1:     668064 bytes,     668064 total
[2022-03-22T20:55:29.964+0000][7][gc,age      ] GC(10) - age   2:    1001104 bytes,    1669168 total
[2022-03-22T20:55:29.964+0000][7][gc,age      ] GC(10) - age   3:    1561616 bytes,    3230784 total
[2022-03-22T20:55:29.964+0000][7][gc,age      ] GC(10) - age   4:     431200 bytes,    3661984 total
[2022-03-22T20:55:29.964+0000][7][gc,age      ] GC(10) - age   5:    1271152 bytes,    4933136 total
[2022-03-22T20:55:29.965+0000][7][gc,age      ] GC(10) - age   6:    2045808 bytes,    6978944 total
[2022-03-22T20:55:29.965+0000][7][gc,age      ] GC(10) - age   7:    4802592 bytes,   11781536 total
[2022-03-22T20:55:29.965+0000][7][gc,age      ] GC(10) - age   8:    1292496 bytes,   13074032 total
[2022-03-22T20:55:29.965+0000][7][gc,age      ] GC(10) - age   9:    2041552 bytes,   15115584 total
[2022-03-22T20:55:29.965+0000][7][gc,phases   ] GC(10)   Pre Evacuate Collection Set: 0.2ms
[2022-03-22T20:55:29.965+0000][7][gc,phases   ] GC(10)   Merge Heap Roots: 0.2ms
[2022-03-22T20:55:29.966+0000][7][gc,phases   ] GC(10)   Evacuate Collection Set: 4.2ms
[2022-03-22T20:55:29.966+0000][7][gc,phases   ] GC(10)   Post Evacuate Collection Set: 1.3ms
[2022-03-22T20:55:29.966+0000][7][gc,phases   ] GC(10)   Other: 2.6ms
[2022-03-22T20:55:29.966+0000][7][gc,heap     ] GC(10) Eden regions: 72->0(72)
[2022-03-22T20:55:29.966+0000][7][gc,heap     ] GC(10) Survivor regions: 4->4(10)
[2022-03-22T20:55:29.966+0000][7][gc,heap     ] GC(10) Old regions: 1->1
[2022-03-22T20:55:29.966+0000][7][gc,heap     ] GC(10) Archive regions: 2->2
[2022-03-22T20:55:29.966+0000][7][gc,heap     ] GC(10) Humongous regions: 0->0
[2022-03-22T20:55:29.967+0000][7][gc,metaspace] GC(10) Metaspace: 21453K(21952K)->21453K(21952K) NonClass: 18853K(19200K)->18853K(19200K) Class: 2599K(2752K)->2599K(2752K)
[2022-03-22T20:55:29.967+0000][7][gc          ] GC(10) Pause Young (Normal) (G1 Evacuation Pause) 311M->23M(512M) 10.025ms
[2022-03-22T20:55:29.967+0000][7][gc,cpu      ] GC(10) User=0.05s Sys=0.00s Real=0.01s
[2022-03-22T20:55:29.967+0000][7][safepoint   ] Safepoint "G1CollectForAllocation", Time since last: 236783086 ns, Reaching safepoint: 251932 ns, At safepoint: 10553563 ns, Total: 10805495 ns
[2022-03-22T20:55:30.425+0000][7][safepoint   ] Safepoint "ICBufferFull", Time since last: 457427015 ns, Reaching safepoint: 316334 ns, At safepoint: 8075 ns, Total: 324409 ns
[2022-03-22T20:55:30.679+0000][7][safepoint   ] Safepoint "ICBufferFull", Time since last: 253989893 ns, Reaching safepoint: 272240 ns, At safepoint: 43251 ns, Total: 315491 ns
[2022-03-22T20:55:31.663+0000][7][gc,start    ] GC(11) Pause Young (Normal) (G1 Evacuation Pause)
[2022-03-22T20:55:31.664+0000][7][gc,task     ] GC(11) Using 12 workers of 18 for evacuation
[2022-03-22T20:55:31.664+0000][7][gc,age      ] GC(11) Desired survivor size 20971520 bytes, new threshold 15 (max threshold 15)
[2022-03-22T20:55:31.685+0000][7][gc,age      ] GC(11) Age table with threshold 15 (max threshold 15)
[2022-03-22T20:55:31.686+0000][7][gc,age      ] GC(11) - age   1:   26630160 bytes,   26630160 total
[2022-03-22T20:55:31.686+0000][7][gc,age      ] GC(11) - age   2:     627608 bytes,   27257768 total
[2022-03-22T20:55:31.686+0000][7][gc,age      ] GC(11) - age   3:     984208 bytes,   28241976 total
[2022-03-22T20:55:31.687+0000][7][gc,age      ] GC(11) - age   4:    1545512 bytes,   29787488 total
[2022-03-22T20:55:31.687+0000][7][gc,age      ] GC(11) - age   5:     419856 bytes,   30207344 total
[2022-03-22T20:55:31.687+0000][7][gc,age      ] GC(11) - age   6:    1261328 bytes,   31468672 total
[2022-03-22T20:55:31.687+0000][7][gc,age      ] GC(11) - age   7:    2028120 bytes,   33496792 total
[2022-03-22T20:55:31.688+0000][7][gc,age      ] GC(11) - age   8:    4761208 bytes,   38258000 total
[2022-03-22T20:55:31.688+0000][7][gc,age      ] GC(11) - age   9:    1247464 bytes,   39505464 total
[2022-03-22T20:55:31.688+0000][7][gc,age      ] GC(11) - age  10:    2032224 bytes,   41537688 total
[2022-03-22T20:55:31.688+0000][7][gc,phases   ] GC(11)   Pre Evacuate Collection Set: 0.3ms
[2022-03-22T20:55:31.688+0000][7][gc,phases   ] GC(11)   Merge Heap Roots: 0.3ms
[2022-03-22T20:55:31.689+0000][7][gc,phases   ] GC(11)   Evacuate Collection Set: 18.1ms
[2022-03-22T20:55:31.689+0000][7][gc,phases   ] GC(11)   Post Evacuate Collection Set: 2.3ms
[2022-03-22T20:55:31.689+0000][7][gc,phases   ] GC(11)   Other: 3.9ms
[2022-03-22T20:55:31.689+0000][7][gc,heap     ] GC(11) Eden regions: 72->0(66)
[2022-03-22T20:55:31.689+0000][7][gc,heap     ] GC(11) Survivor regions: 4->10(10)
[2022-03-22T20:55:31.690+0000][7][gc,heap     ] GC(11) Old regions: 1->3
[2022-03-22T20:55:31.690+0000][7][gc,heap     ] GC(11) Archive regions: 2->2
[2022-03-22T20:55:31.690+0000][7][gc,heap     ] GC(11) Humongous regions: 0->0
[2022-03-22T20:55:31.690+0000][7][gc,metaspace] GC(11) Metaspace: 30805K(31680K)->30805K(31680K) NonClass: 26984K(27520K)->26984K(27520K) Class: 3821K(4160K)->3821K(4160K)
[2022-03-22T20:55:31.690+0000][7][gc          ] GC(11) Pause Young (Normal) (G1 Evacuation Pause) 311M->55M(512M) 26.957ms
[2022-03-22T20:55:31.691+0000][7][gc,cpu      ] GC(11) User=0.24s Sys=0.00s Real=0.02s
[2022-03-22T20:55:31.691+0000][7][safepoint   ] Safepoint "G1CollectForAllocation", Time since last: 983776864 ns, Reaching safepoint: 287939 ns, At safepoint: 27494430 ns, Total: 27782369 ns
[2022-03-22T20:55:31.987+0000][7][gc,start    ] GC(12) Pause Young (Concurrent Start) (Metadata GC Threshold)
[2022-03-22T20:55:31.987+0000][7][gc,task     ] GC(12) Using 12 workers of 18 for evacuation
[2022-03-22T20:55:31.987+0000][7][gc,age      ] GC(12) Desired survivor size 20971520 bytes, new threshold 1 (max threshold 15)
[2022-03-22T20:55:32.004+0000][7][gc,age      ] GC(12) Age table with threshold 1 (max threshold 15)
[2022-03-22T20:55:32.004+0000][7][gc,age      ] GC(12) - age   1:    5448736 bytes,    5448736 total
[2022-03-22T20:55:32.005+0000][7][gc,phases   ] GC(12)   Pre Evacuate Collection Set: 0.3ms
[2022-03-22T20:55:32.005+0000][7][gc,phases   ] GC(12)   Merge Heap Roots: 0.2ms
[2022-03-22T20:55:32.005+0000][7][gc,phases   ] GC(12)   Evacuate Collection Set: 14.0ms
[2022-03-22T20:55:32.005+0000][7][gc,phases   ] GC(12)   Post Evacuate Collection Set: 1.7ms
[2022-03-22T20:55:32.005+0000][7][gc,phases   ] GC(12)   Other: 1.7ms
[2022-03-22T20:55:32.006+0000][7][gc,heap     ] GC(12) Eden regions: 8->0(74)
[2022-03-22T20:55:32.006+0000][7][gc,heap     ] GC(12) Survivor regions: 10->2(10)
[2022-03-22T20:55:32.006+0000][7][gc,heap     ] GC(12) Old regions: 3->13
[2022-03-22T20:55:32.006+0000][7][gc,heap     ] GC(12) Archive regions: 2->2
[2022-03-22T20:55:32.006+0000][7][gc,heap     ] GC(12) Humongous regions: 0->0
[2022-03-22T20:55:32.006+0000][7][gc,metaspace] GC(12) Metaspace: 34757K(35648K)->34757K(35648K) NonClass: 30306K(30784K)->30306K(30784K) Class: 4451K(4864K)->4451K(4864K)
[2022-03-22T20:55:32.006+0000][7][gc          ] GC(12) Pause Young (Concurrent Start) (Metadata GC Threshold) 87M->62M(512M) 19.315ms
[2022-03-22T20:55:32.006+0000][7][gc,cpu      ] GC(12) User=0.17s Sys=0.00s Real=0.02s
[2022-03-22T20:55:32.007+0000][7][gc          ] GC(13) Concurrent Mark Cycle
[2022-03-22T20:55:32.007+0000][7][gc,marking  ] GC(13) Concurrent Clear Claimed Marks
[2022-03-22T20:55:32.007+0000][7][safepoint   ] Safepoint "CollectForMetadataAllocation", Time since last: 295668845 ns, Reaching safepoint: 361118 ns, At safepoint: 19756586 ns, Total: 20117704 ns
[2022-03-22T20:55:32.007+0000][7][gc,marking  ] GC(13) Concurrent Clear Claimed Marks 0.224ms
[2022-03-22T20:55:32.007+0000][7][gc,marking  ] GC(13) Concurrent Scan Root Regions
[2022-03-22T20:55:32.013+0000][7][gc,marking  ] GC(13) Concurrent Scan Root Regions 6.050ms
[2022-03-22T20:55:32.013+0000][7][gc,marking  ] GC(13) Concurrent Mark
[2022-03-22T20:55:32.014+0000][7][gc,marking  ] GC(13) Concurrent Mark From Roots
[2022-03-22T20:55:32.014+0000][7][gc,task     ] GC(13) Using 5 workers of 5 for marking
[2022-03-22T20:55:32.020+0000][7][gc,marking  ] GC(13) Concurrent Mark From Roots 6.705ms
[2022-03-22T20:55:32.021+0000][7][gc,marking  ] GC(13) Concurrent Preclean
[2022-03-22T20:55:32.021+0000][7][safepoint   ] Safepoint "CollectForMetadataAllocation", Time since last: 13909577 ns, Reaching safepoint: 310100 ns, At safepoint: 69040 ns, Total: 379140 ns
[2022-03-22T20:55:32.021+0000][7][gc,marking  ] GC(13) Concurrent Preclean 0.465ms
[2022-03-22T20:55:32.022+0000][7][gc,start    ] GC(13) Pause Remark
[2022-03-22T20:55:32.025+0000][7][gc          ] GC(13) Pause Remark 64M->64M(512M) 2.779ms
[2022-03-22T20:55:32.025+0000][7][gc,cpu      ] GC(13) User=0.02s Sys=0.00s Real=0.00s
[2022-03-22T20:55:32.025+0000][7][safepoint   ] Safepoint "G1Concurrent", Time since last: 390390 ns, Reaching safepoint: 702816 ns, At safepoint: 3130977 ns, Total: 3833793 ns
[2022-03-22T20:55:32.025+0000][7][gc,marking  ] GC(13) Concurrent Mark 11.865ms
[2022-03-22T20:55:32.025+0000][7][gc,marking  ] GC(13) Concurrent Rebuild Remembered Sets
[2022-03-22T20:55:32.039+0000][7][gc,marking  ] GC(13) Concurrent Rebuild Remembered Sets 13.094ms
[2022-03-22T20:55:32.039+0000][7][gc,start    ] GC(13) Pause Cleanup
[2022-03-22T20:55:32.040+0000][7][gc          ] GC(13) Pause Cleanup 66M->66M(512M) 0.502ms
[2022-03-22T20:55:32.040+0000][7][gc,cpu      ] GC(13) User=0.00s Sys=0.00s Real=0.00s
[2022-03-22T20:55:32.040+0000][7][safepoint   ] Safepoint "G1Concurrent", Time since last: 13715612 ns, Reaching safepoint: 345407 ns, At safepoint: 1227389 ns, Total: 1572796 ns
[2022-03-22T20:55:32.041+0000][7][gc,marking  ] GC(13) Concurrent Cleanup for Next Mark
[2022-03-22T20:55:32.041+0000][7][gc,marking  ] GC(13) Concurrent Cleanup for Next Mark 0.869ms
[2022-03-22T20:55:32.042+0000][7][gc          ] GC(13) Concurrent Mark Cycle 35.177ms
[2022-03-22T20:55:32.577+0000][7][safepoint   ] Safepoint "ICBufferFull", Time since last: 536149018 ns, Reaching safepoint: 255469 ns, At safepoint: 5350 ns, Total: 260819 ns
[2022-03-22T20:55:33.101+0000][7][safepoint   ] Safepoint "ICBufferFull", Time since last: 523544818 ns, Reaching safepoint: 266659 ns, At safepoint: 77325 ns, Total: 343984 ns
[2022-03-22T20:55:33.117+0000][7][safepoint   ] Safepoint "ICBufferFull", Time since last: 15656815 ns, Reaching safepoint: 358641 ns, At safepoint: 14007 ns, Total: 372648 ns
[2022-03-22T20:55:33.178+0000][7][gc,start    ] GC(14) Pause Young (Concurrent Start) (G1 Evacuation Pause)
[2022-03-22T20:55:33.178+0000][7][gc,task     ] GC(14) Using 12 workers of 18 for evacuation
[2022-03-22T20:55:33.179+0000][7][gc,age      ] GC(14) Desired survivor size 20971520 bytes, new threshold 15 (max threshold 15)
[2022-03-22T20:55:33.189+0000][7][gc,age      ] GC(14) Age table with threshold 15 (max threshold 15)
[2022-03-22T20:55:33.190+0000][7][gc,age      ] GC(14) - age   1:    6241592 bytes,    6241592 total
[2022-03-22T20:55:33.190+0000][7][gc,age      ] GC(14) - age   2:    5387720 bytes,   11629312 total
[2022-03-22T20:55:33.190+0000][7][gc,phases   ] GC(14)   Pre Evacuate Collection Set: 0.4ms
[2022-03-22T20:55:33.190+0000][7][gc,phases   ] GC(14)   Merge Heap Roots: 0.3ms
[2022-03-22T20:55:33.190+0000][7][gc,phases   ] GC(14)   Evacuate Collection Set: 7.2ms
[2022-03-22T20:55:33.191+0000][7][gc,phases   ] GC(14)   Post Evacuate Collection Set: 2.6ms
[2022-03-22T20:55:33.191+0000][7][gc,phases   ] GC(14)   Other: 1.9ms
[2022-03-22T20:55:33.191+0000][7][gc,heap     ] GC(14) Eden regions: 74->0(73)
[2022-03-22T20:55:33.191+0000][7][gc,heap     ] GC(14) Survivor regions: 2->3(10)
[2022-03-22T20:55:33.191+0000][7][gc,heap     ] GC(14) Old regions: 13->13
[2022-03-22T20:55:33.192+0000][7][gc,heap     ] GC(14) Archive regions: 2->2
[2022-03-22T20:55:33.192+0000][7][gc,heap     ] GC(14) Humongous regions: 0->0
[2022-03-22T20:55:33.192+0000][7][gc,metaspace] GC(14) Metaspace: 52139K(53184K)->52139K(53184K) NonClass: 45277K(45888K)->45277K(45888K) Class: 6861K(7296K)->6861K(7296K)
[2022-03-22T20:55:33.192+0000][7][gc          ] GC(14) Pause Young (Concurrent Start) (G1 Evacuation Pause) 358M->66M(512M) 14.249ms
[2022-03-22T20:55:33.192+0000][7][gc,cpu      ] GC(14) User=0.22s Sys=0.00s Real=0.02s
[2022-03-22T20:55:33.193+0000][7][gc          ] GC(15) Concurrent Mark Cycle
[2022-03-22T20:55:33.193+0000][7][safepoint   ] Safepoint "G1CollectForAllocation", Time since last: 60863858 ns, Reaching safepoint: 258675 ns, At safepoint: 14744827 ns, Total: 15003502 ns
[2022-03-22T20:55:33.193+0000][7][gc,marking  ] GC(15) Concurrent Clear Claimed Marks
[2022-03-22T20:55:33.193+0000][7][gc,marking  ] GC(15) Concurrent Clear Claimed Marks 0.548ms
[2022-03-22T20:55:33.194+0000][7][gc,marking  ] GC(15) Concurrent Scan Root Regions
[2022-03-22T20:55:33.200+0000][7][gc,marking  ] GC(15) Concurrent Scan Root Regions 6.134ms
[2022-03-22T20:55:33.200+0000][7][gc,marking  ] GC(15) Concurrent Mark
[2022-03-22T20:55:33.200+0000][7][gc,marking  ] GC(15) Concurrent Mark From Roots
[2022-03-22T20:55:33.201+0000][7][gc,task     ] GC(15) Using 5 workers of 5 for marking
[2022-03-22T20:55:33.227+0000][7][gc,marking  ] GC(15) Concurrent Mark From Roots 26.847ms
[2022-03-22T20:55:33.228+0000][7][gc,marking  ] GC(15) Concurrent Preclean
[2022-03-22T20:55:33.228+0000][7][gc,marking  ] GC(15) Concurrent Preclean 0.409ms
[2022-03-22T20:55:33.229+0000][7][gc,start    ] GC(15) Pause Remark
[2022-03-22T20:55:33.232+0000][7][gc          ] GC(15) Pause Remark 82M->82M(512M) 3.886ms
[2022-03-22T20:55:33.233+0000][7][gc,cpu      ] GC(15) User=0.10s Sys=0.00s Real=0.01s
[2022-03-22T20:55:33.233+0000][7][safepoint   ] Safepoint "G1Concurrent", Time since last: 35544229 ns, Reaching safepoint: 396862 ns, At safepoint: 4326408 ns, Total: 4723270 ns
[2022-03-22T20:55:33.233+0000][7][gc,marking  ] GC(15) Concurrent Mark 33.049ms
[2022-03-22T20:55:33.233+0000][7][gc,marking  ] GC(15) Concurrent Rebuild Remembered Sets
[2022-03-22T20:55:33.255+0000][7][gc,marking  ] GC(15) Concurrent Rebuild Remembered Sets 22.017ms
[2022-03-22T20:55:33.256+0000][7][gc,start    ] GC(15) Pause Cleanup
[2022-03-22T20:55:33.257+0000][7][gc          ] GC(15) Pause Cleanup 90M->90M(512M) 0.486ms
[2022-03-22T20:55:33.257+0000][7][gc,cpu      ] GC(15) User=0.00s Sys=0.00s Real=0.00s
[2022-03-22T20:55:33.257+0000][7][safepoint   ] Safepoint "G1Concurrent", Time since last: 22832055 ns, Reaching safepoint: 357108 ns, At safepoint: 943757 ns, Total: 1300865 ns
[2022-03-22T20:55:33.257+0000][7][gc,marking  ] GC(15) Concurrent Cleanup for Next Mark
[2022-03-22T20:55:33.259+0000][7][gc,marking  ] GC(15) Concurrent Cleanup for Next Mark 1.407ms
[2022-03-22T20:55:33.259+0000][7][gc          ] GC(15) Concurrent Mark Cycle 66.308ms
[2022-03-22T20:55:34.058+0000][7][safepoint   ] Safepoint "ICBufferFull", Time since last: 800152635 ns, Reaching safepoint: 1257564 ns, At safepoint: 7464 ns, Total: 1265028 ns
[2022-03-22T20:55:34.364+0000][7][safepoint   ] Safepoint "ICBufferFull", Time since last: 305124592 ns, Reaching safepoint: 417019 ns, At safepoint: 63188 ns, Total: 480207 ns
[2022-03-22T20:55:35.049+0000][7][safepoint   ] Safepoint "ICBufferFull", Time since last: 684660650 ns, Reaching safepoint: 336871 ns, At safepoint: 25949 ns, Total: 362820 ns
[2022-03-22T20:55:35.371+0000][7][gc,start    ] GC(16) Pause Young (Normal) (G1 Evacuation Pause)
[2022-03-22T20:55:35.371+0000][7][gc,task     ] GC(16) Using 12 workers of 18 for evacuation
[2022-03-22T20:55:35.371+0000][7][gc,age      ] GC(16) Desired survivor size 20971520 bytes, new threshold 15 (max threshold 15)
[2022-03-22T20:55:35.384+0000][7][gc,age      ] GC(16) Age table with threshold 15 (max threshold 15)
[2022-03-22T20:55:35.385+0000][7][gc,age      ] GC(16) - age   1:   14361784 bytes,   14361784 total
[2022-03-22T20:55:35.385+0000][7][gc,age      ] GC(16) - age   2:    6057168 bytes,   20418952 total
[2022-03-22T20:55:35.385+0000][7][gc,age      ] GC(16) - age   3:    5373304 bytes,   25792256 total
[2022-03-22T20:55:35.385+0000][7][gc,phases   ] GC(16)   Pre Evacuate Collection Set: 0.3ms
[2022-03-22T20:55:35.385+0000][7][gc,phases   ] GC(16)   Merge Heap Roots: 0.2ms
[2022-03-22T20:55:35.385+0000][7][gc,phases   ] GC(16)   Evacuate Collection Set: 9.9ms
[2022-03-22T20:55:35.385+0000][7][gc,phases   ] GC(16)   Post Evacuate Collection Set: 2.8ms
[2022-03-22T20:55:35.385+0000][7][gc,phases   ] GC(16)   Other: 1.1ms
[2022-03-22T20:55:35.385+0000][7][gc,heap     ] GC(16) Eden regions: 73->0(69)
[2022-03-22T20:55:35.385+0000][7][gc,heap     ] GC(16) Survivor regions: 3->7(10)
[2022-03-22T20:55:35.386+0000][7][gc,heap     ] GC(16) Old regions: 13->13
[2022-03-22T20:55:35.386+0000][7][gc,heap     ] GC(16) Archive regions: 2->2
[2022-03-22T20:55:35.386+0000][7][gc,heap     ] GC(16) Humongous regions: 0->0
[2022-03-22T20:55:35.386+0000][7][gc,metaspace] GC(16) Metaspace: 79464K(80832K)->79464K(80832K) NonClass: 68710K(69440K)->68710K(69440K) Class: 10753K(11392K)->10753K(11392K)
[2022-03-22T20:55:35.386+0000][7][gc          ] GC(16) Pause Young (Normal) (G1 Evacuation Pause) 358M->80M(512M) 15.293ms
[2022-03-22T20:55:35.386+0000][7][gc,cpu      ] GC(16) User=0.11s Sys=0.02s Real=0.02s
[2022-03-22T20:55:35.386+0000][7][safepoint   ] Safepoint "G1CollectForAllocation", Time since last: 321250755 ns, Reaching safepoint: 254766 ns, At safepoint: 15614266 ns, Total: 15869032 ns
[2022-03-22T20:55:35.810+0000][7][safepoint   ] Safepoint "ICBufferFull", Time since last: 423657229 ns, Reaching safepoint: 253805 ns, At safepoint: 38242 ns, Total: 292047 ns
[2022-03-22T20:55:36.047+0000][7][gc,start    ] GC(17) Pause Young (Concurrent Start) (Metadata GC Threshold)
[2022-03-22T20:55:36.048+0000][7][gc,task     ] GC(17) Using 12 workers of 18 for evacuation
[2022-03-22T20:55:36.048+0000][7][gc,age      ] GC(17) Desired survivor size 20971520 bytes, new threshold 3 (max threshold 15)
[2022-03-22T20:55:36.061+0000][7][gc,age      ] GC(17) Age table with threshold 3 (max threshold 15)
[2022-03-22T20:55:36.062+0000][7][gc,age      ] GC(17) - age   1:    2976880 bytes,    2976880 total
[2022-03-22T20:55:36.062+0000][7][gc,age      ] GC(17) - age   2:   13708216 bytes,   16685096 total
[2022-03-22T20:55:36.062+0000][7][gc,age      ] GC(17) - age   3:    5936104 bytes,   22621200 total
[2022-03-22T20:55:36.062+0000][7][gc,phases   ] GC(17)   Pre Evacuate Collection Set: 0.4ms
[2022-03-22T20:55:36.062+0000][7][gc,phases   ] GC(17)   Merge Heap Roots: 0.2ms
[2022-03-22T20:55:36.062+0000][7][gc,phases   ] GC(17)   Evacuate Collection Set: 10.9ms
[2022-03-22T20:55:36.062+0000][7][gc,phases   ] GC(17)   Post Evacuate Collection Set: 1.9ms
[2022-03-22T20:55:36.063+0000][7][gc,phases   ] GC(17)   Other: 1.3ms
[2022-03-22T20:55:36.063+0000][7][gc,heap     ] GC(17) Eden regions: 15->0(70)
[2022-03-22T20:55:36.063+0000][7][gc,heap     ] GC(17) Survivor regions: 7->6(10)
[2022-03-22T20:55:36.063+0000][7][gc,heap     ] GC(17) Old regions: 13->15
[2022-03-22T20:55:36.063+0000][7][gc,heap     ] GC(17) Archive regions: 2->2
[2022-03-22T20:55:36.063+0000][7][gc,heap     ] GC(17) Humongous regions: 0->0
[2022-03-22T20:55:36.063+0000][7][gc,metaspace] GC(17) Metaspace: 87319K(88640K)->87319K(88640K) NonClass: 75456K(76160K)->75456K(76160K) Class: 11862K(12480K)->11862K(12480K)
[2022-03-22T20:55:36.063+0000][7][gc          ] GC(17) Pause Young (Concurrent Start) (Metadata GC Threshold) 137M->84M(512M) 15.931ms
[2022-03-22T20:55:36.063+0000][7][gc,cpu      ] GC(17) User=0.14s Sys=0.01s Real=0.02s
[2022-03-22T20:55:36.064+0000][7][gc          ] GC(18) Concurrent Mark Cycle
[2022-03-22T20:55:36.064+0000][7][safepoint   ] Safepoint "CollectForMetadataAllocation", Time since last: 236883154 ns, Reaching safepoint: 270627 ns, At safepoint: 16364792 ns, Total: 16635419 ns
[2022-03-22T20:55:36.064+0000][7][gc,marking  ] GC(18) Concurrent Clear Claimed Marks
[2022-03-22T20:55:36.064+0000][7][gc,marking  ] GC(18) Concurrent Clear Claimed Marks 0.416ms
[2022-03-22T20:55:36.064+0000][7][gc,marking  ] GC(18) Concurrent Scan Root Regions
[2022-03-22T20:55:36.070+0000][7][gc,marking  ] GC(18) Concurrent Scan Root Regions 5.531ms
[2022-03-22T20:55:36.070+0000][7][gc,marking  ] GC(18) Concurrent Mark
[2022-03-22T20:55:36.070+0000][7][gc,marking  ] GC(18) Concurrent Mark From Roots
[2022-03-22T20:55:36.070+0000][7][gc,task     ] GC(18) Using 5 workers of 5 for marking
[2022-03-22T20:55:36.085+0000][7][gc,marking  ] GC(18) Concurrent Mark From Roots 15.174ms
[2022-03-22T20:55:36.086+0000][7][gc,marking  ] GC(18) Concurrent Preclean
[2022-03-22T20:55:36.086+0000][7][gc,marking  ] GC(18) Concurrent Preclean 0.650ms
[2022-03-22T20:55:36.087+0000][7][gc,start    ] GC(18) Pause Remark
[2022-03-22T20:55:36.090+0000][7][gc          ] GC(18) Pause Remark 86M->86M(512M) 3.362ms
[2022-03-22T20:55:36.091+0000][7][gc,cpu      ] GC(18) User=0.03s Sys=0.00s Real=0.00s
[2022-03-22T20:55:36.091+0000][7][safepoint   ] Safepoint "G1Concurrent", Time since last: 22994456 ns, Reaching safepoint: 275005 ns, At safepoint: 3892806 ns, Total: 4167811 ns
[2022-03-22T20:55:36.091+0000][7][gc,marking  ] GC(18) Concurrent Mark 21.101ms
[2022-03-22T20:55:36.091+0000][7][gc,marking  ] GC(18) Concurrent Rebuild Remembered Sets
[2022-03-22T20:55:36.106+0000][7][gc,marking  ] GC(18) Concurrent Rebuild Remembered Sets 14.850ms
[2022-03-22T20:55:36.107+0000][7][gc,start    ] GC(18) Pause Cleanup
[2022-03-22T20:55:36.107+0000][7][gc          ] GC(18) Pause Cleanup 87M->87M(512M) 0.398ms
[2022-03-22T20:55:36.107+0000][7][gc,cpu      ] GC(18) User=0.00s Sys=0.00s Real=0.00s
[2022-03-22T20:55:36.108+0000][7][safepoint   ] Safepoint "G1Concurrent", Time since last: 15692020 ns, Reaching safepoint: 316873 ns, At safepoint: 767526 ns, Total: 1084399 ns
[2022-03-22T20:55:36.108+0000][7][gc,marking  ] GC(18) Concurrent Cleanup for Next Mark
[2022-03-22T20:55:36.109+0000][7][gc,marking  ] GC(18) Concurrent Cleanup for Next Mark 1.091ms
[2022-03-22T20:55:36.109+0000][7][gc          ] GC(18) Concurrent Mark Cycle 45.541ms
[2022-03-22T20:55:36.424+0000][7][safepoint   ] Safepoint "ICBufferFull", Time since last: 315824521 ns, Reaching safepoint: 382896 ns, At safepoint: 105157 ns, Total: 488053 ns
[2022-03-22T20:55:37.425+0000][7][safepoint   ] Safepoint "Cleanup", Time since last: 1000605312 ns, Reaching safepoint: 295903 ns, At safepoint: 6653 ns, Total: 302556 ns
[2022-03-22T20:55:40.426+0000][7][safepoint   ] Safepoint "Cleanup", Time since last: 3000689762 ns, Reaching safepoint: 342992 ns, At safepoint: 8546 ns, Total: 351538 ns
[2022-03-22T20:55:41.427+0000][7][safepoint   ] Safepoint "Cleanup", Time since last: 1000623165 ns, Reaching safepoint: 317394 ns, At safepoint: 7605 ns, Total: 324999 ns
[2022-03-22T20:55:43.428+0000][7][safepoint   ] Safepoint "Cleanup", Time since last: 2000656219 ns, Reaching safepoint: 341759 ns, At safepoint: 7003 ns, Total: 348762 ns
[2022-03-22T20:55:44.429+0000][7][safepoint   ] Safepoint "Cleanup", Time since last: 1000593801 ns, Reaching safepoint: 278862 ns, At safepoint: 5801 ns, Total: 284663 ns
[2022-03-22T20:55:54.431+0000][7][safepoint   ] Safepoint "Cleanup", Time since last: 10001761658 ns, Reaching safepoint: 357038 ns, At safepoint: 7374 ns, Total: 364412 ns
[2022-03-22T20:55:55.432+0000][7][safepoint   ] Safepoint "Cleanup", Time since last: 1000513300 ns, Reaching safepoint: 278210 ns, At safepoint: 6022 ns, Total: 284232 ns
[2022-03-22T20:55:59.433+0000][7][safepoint   ] Safepoint "Cleanup", Time since last: 4000729595 ns, Reaching safepoint: 312505 ns, At safepoint: 5781 ns, Total: 318286 ns
[2022-03-22T20:56:00.433+0000][7][safepoint   ] Safepoint "Cleanup", Time since last: 1000413834 ns, Reaching safepoint: 236964 ns, At safepoint: 6863 ns, Total: 243827 ns
[2022-03-22T20:56:05.435+0000][7][safepoint   ] Safepoint "Cleanup", Time since last: 5000887130 ns, Reaching safepoint: 308808 ns, At safepoint: 7835 ns, Total: 316643 ns
[2022-03-22T20:56:06.435+0000][7][safepoint   ] Safepoint "Cleanup", Time since last: 1000416379 ns, Reaching safepoint: 304861 ns, At safepoint: 8085 ns, Total: 312946 ns
[2022-03-22T20:56:07.436+0000][7][safepoint   ] Safepoint "Cleanup", Time since last: 1000461824 ns, Reaching safepoint: 269996 ns, At safepoint: 6622 ns, Total: 276618 ns
[2022-03-22T20:56:23.439+0000][7][safepoint   ] Safepoint "Cleanup", Time since last: 16002472337 ns, Reaching safepoint: 326551 ns, At safepoint: 6863 ns, Total: 333414 ns
[2022-03-22T20:56:29.440+0000][7][safepoint   ] Safepoint "Cleanup", Time since last: 6001118413 ns, Reaching safepoint: 303799 ns, At safepoint: 12363 ns, Total: 316162 ns
[2022-03-22T20:56:30.441+0000][7][safepoint   ] Safepoint "Cleanup", Time since last: 1000468236 ns, Reaching safepoint: 257883 ns, At safepoint: 6302 ns, Total: 264185 ns
[2022-03-22T20:56:31.442+0000][7][safepoint   ] Safepoint "Cleanup", Time since last: 1000392886 ns, Reaching safepoint: 288360 ns, At safepoint: 6342 ns, Total: 294702 ns
[2022-03-22T20:56:36.265+0000][7][safepoint   ] Safepoint "Cleanup", Time since last: 4822823679 ns, Reaching safepoint: 273983 ns, At safepoint: 26730 ns, Total: 300713 ns
[2022-03-22T20:56:37.265+0000][7][safepoint   ] Safepoint "Cleanup", Time since last: 1000404335 ns, Reaching safepoint: 252994 ns, At safepoint: 6512 ns, Total: 259506 ns
[2022-03-22T20:56:45.675+0000][7][safepoint   ] Safepoint "Cleanup", Time since last: 8409717940 ns, Reaching safepoint: 270537 ns, At safepoint: 25538 ns, Total: 296075 ns
[2022-03-22T20:56:46.676+0000][7][safepoint   ] Safepoint "Cleanup", Time since last: 1000423521 ns, Reaching safepoint: 297136 ns, At safepoint: 6292 ns, Total: 303428 ns
[2022-03-22T20:56:48.677+0000][7][safepoint   ] Safepoint "Cleanup", Time since last: 2000502290 ns, Reaching safepoint: 253595 ns, At safepoint: 6191 ns, Total: 259786 ns
[2022-03-22T20:56:55.678+0000][7][safepoint   ] Safepoint "Cleanup", Time since last: 7001038197 ns, Reaching safepoint: 383157 ns, At safepoint: 25888 ns, Total: 409045 ns
[2022-03-22T20:57:01.680+0000][7][safepoint   ] Safepoint "Cleanup", Time since last: 6001141206 ns, Reaching safepoint: 296956 ns, At safepoint: 7153 ns, Total: 304109 ns
[2022-03-22T20:57:15.682+0000][7][safepoint   ] Safepoint "Cleanup", Time since last: 14002164642 ns, Reaching safepoint: 261830 ns, At safepoint: 6482 ns, Total: 268312 ns
[2022-03-22T20:57:16.683+0000][7][safepoint   ] Safepoint "Cleanup", Time since last: 1000480366 ns, Reaching safepoint: 273402 ns, At safepoint: 6993 ns, Total: 280395 ns
[2022-03-22T20:57:17.684+0000][7][safepoint   ] Safepoint "Cleanup", Time since last: 1000558205 ns, Reaching safepoint: 457936 ns, At safepoint: 24927 ns, Total: 482863 ns
[2022-03-22T20:57:18.685+0000][7][safepoint   ] Safepoint "Cleanup", Time since last: 1000558739 ns, Reaching safepoint: 299701 ns, At safepoint: 7574 ns, Total: 307275 ns
[2022-03-22T20:57:24.686+0000][7][safepoint   ] Safepoint "Cleanup", Time since last: 6001094679 ns, Reaching safepoint: 299991 ns, At safepoint: 7655 ns, Total: 307646 ns
[2022-03-22T20:57:30.688+0000][7][safepoint   ] Safepoint "Cleanup", Time since last: 6001102172 ns, Reaching safepoint: 332523 ns, At safepoint: 12032 ns, Total: 344555 ns
[2022-03-22T20:57:34.689+0000][7][safepoint   ] Safepoint "Cleanup", Time since last: 4000816839 ns, Reaching safepoint: 293189 ns, At safepoint: 6532 ns, Total: 299721 ns
[2022-03-22T20:57:35.690+0000][7][safepoint   ] Safepoint "Cleanup", Time since last: 1000472555 ns, Reaching safepoint: 264695 ns, At safepoint: 6773 ns, Total: 271468 ns
[2022-03-22T20:57:37.261+0000][7][safepoint   ] Safepoint "Cleanup", Time since last: 1570946310 ns, Reaching safepoint: 324888 ns, At safepoint: 7564 ns, Total: 332452 ns
[2022-03-22T20:57:42.262+0000][7][safepoint   ] Safepoint "Cleanup", Time since last: 5000935411 ns, Reaching safepoint: 264355 ns, At safepoint: 7243 ns, Total: 271598 ns
[2022-03-22T20:57:43.263+0000][7][safepoint   ] Safepoint "Cleanup", Time since last: 1000450594 ns, Reaching safepoint: 263072 ns, At safepoint: 6242 ns, Total: 269314 ns
[2022-03-22T20:58:00.266+0000][7][safepoint   ] Safepoint "Cleanup", Time since last: 17002428755 ns, Reaching safepoint: 306163 ns, At safepoint: 10710 ns, Total: 316873 ns
[2022-03-22T20:58:02.266+0000][7][safepoint   ] Safepoint "Cleanup", Time since last: 2000559848 ns, Reaching safepoint: 273793 ns, At safepoint: 6452 ns, Total: 280245 ns
[2022-03-22T20:58:06.268+0000][7][safepoint   ] Safepoint "Cleanup", Time since last: 4000765693 ns, Reaching safepoint: 308377 ns, At safepoint: 7344 ns, Total: 315721 ns
[2022-03-22T20:58:10.269+0000][7][safepoint   ] Safepoint "Cleanup", Time since last: 4000728162 ns, Reaching safepoint: 271759 ns, At safepoint: 6332 ns, Total: 278091 ns
[2022-03-22T20:58:13.269+0000][7][safepoint   ] Safepoint "Cleanup", Time since last: 3000620311 ns, Reaching safepoint: 260978 ns, At safepoint: 6763 ns, Total: 267741 ns
[2022-03-22T20:58:20.271+0000][7][safepoint   ] Safepoint "Cleanup", Time since last: 7000976564 ns, Reaching safepoint: 306103 ns, At safepoint: 6633 ns, Total: 312736 ns
[2022-03-22T20:58:45.274+0000][7][safepoint   ] Safepoint "Cleanup", Time since last: 25003387663 ns, Reaching safepoint: 291015 ns, At safepoint: 6382 ns, Total: 297397 ns
[2022-03-22T20:58:47.275+0000][7][safepoint   ] Safepoint "Cleanup", Time since last: 2000537033 ns, Reaching safepoint: 278782 ns, At safepoint: 6582 ns, Total: 285364 ns
[2022-03-22T20:59:06.278+0000][7][safepoint   ] Safepoint "Cleanup", Time since last: 19002897064 ns, Reaching safepoint: 369542 ns, At safepoint: 7664 ns, Total: 377206 ns
[2022-03-22T20:59:15.280+0000][7][safepoint   ] Safepoint "Cleanup", Time since last: 9001509863 ns, Reaching safepoint: 267491 ns, At safepoint: 6342 ns, Total: 273833 ns
[2022-03-22T20:59:30.283+0000][7][safepoint   ] Safepoint "Cleanup", Time since last: 15002173731 ns, Reaching safepoint: 267771 ns, At safepoint: 6442 ns, Total: 274213 ns
[2022-03-22T20:59:36.284+0000][7][safepoint   ] Safepoint "Cleanup", Time since last: 6001030789 ns, Reaching safepoint: 289292 ns, At safepoint: 6642 ns, Total: 295934 ns
[2022-03-22T21:00:13.289+0000][7][safepoint   ] Safepoint "Cleanup", Time since last: 37004798100 ns, Reaching safepoint: 331470 ns, At safepoint: 6953 ns, Total: 338423 ns
[2022-03-22T21:00:31.292+0000][7][safepoint   ] Safepoint "Cleanup", Time since last: 18002903542 ns, Reaching safepoint: 391653 ns, At safepoint: 11251 ns, Total: 402904 ns
[2022-03-22T21:00:41.295+0000][7][safepoint   ] Safepoint "Cleanup", Time since last: 10001725542 ns, Reaching safepoint: 281387 ns, At safepoint: 6041 ns, Total: 287428 ns
[2022-03-22T21:00:56.297+0000][7][safepoint   ] Safepoint "Cleanup", Time since last: 15002310905 ns, Reaching safepoint: 276197 ns, At safepoint: 6602 ns, Total: 282799 ns
[2022-03-22T21:01:11.300+0000][7][safepoint   ] Safepoint "Cleanup", Time since last: 15002243305 ns, Reaching safepoint: 343513 ns, At safepoint: 6122 ns, Total: 349635 ns
[2022-03-22T21:01:31.303+0000][7][safepoint   ] Safepoint "Cleanup", Time since last: 20003125763 ns, Reaching safepoint: 273993 ns, At safepoint: 5190 ns, Total: 279183 ns
[2022-03-22T21:01:46.306+0000][7][safepoint   ] Safepoint "Cleanup", Time since last: 15002350786 ns, Reaching safepoint: 343924 ns, At safepoint: 7544 ns, Total: 351468 ns
[2022-03-22T21:02:01.308+0000][7][safepoint   ] Safepoint "Cleanup", Time since last: 15002094273 ns, Reaching safepoint: 321682 ns, At safepoint: 7444 ns, Total: 329126 ns
[2022-03-22T21:02:05.310+0000][7][safepoint   ] Safepoint "Cleanup", Time since last: 4000890924 ns, Reaching safepoint: 439673 ns, At safepoint: 7303 ns, Total: 446976 ns
[2022-03-22T21:02:06.310+0000][7][safepoint   ] Safepoint "Cleanup", Time since last: 1000656761 ns, Reaching safepoint: 246692 ns, At safepoint: 6131 ns, Total: 252823 ns
[2022-03-22T21:02:24.313+0000][7][safepoint   ] Safepoint "Cleanup", Time since last: 18002345542 ns, Reaching safepoint: 301003 ns, At safepoint: 7615 ns, Total: 308618 ns
[2022-03-22T21:02:36.315+0000][7][safepoint   ] Safepoint "Cleanup", Time since last: 12001616014 ns, Reaching safepoint: 348092 ns, At safepoint: 11581 ns, Total: 359673 ns
[2022-03-22T21:05:16.336+0000][7][safepoint   ] Safepoint "Cleanup", Time since last: 160021040959 ns, Reaching safepoint: 295313 ns, At safepoint: 6011 ns, Total: 301324 ns
[2022-03-22T21:05:21.338+0000][7][safepoint   ] Safepoint "Cleanup", Time since last: 5000983962 ns, Reaching safepoint: 269194 ns, At safepoint: 6702 ns, Total: 275896 ns
[2022-03-22T21:05:26.339+0000][7][safepoint   ] Safepoint "Cleanup", Time since last: 5001025189 ns, Reaching safepoint: 307445 ns, At safepoint: 6432 ns, Total: 313877 ns
[2022-03-22T21:05:50.343+0000][7][safepoint   ] Safepoint "Cleanup", Time since last: 24003527442 ns, Reaching safepoint: 264355 ns, At safepoint: 5871 ns, Total: 270226 ns
[2022-03-22T21:06:00.441+0000][7][gc,start    ] GC(19) Pause Young (Normal) (G1 Evacuation Pause)
[2022-03-22T21:06:00.441+0000][7][gc,task     ] GC(19) Using 12 workers of 18 for evacuation
[2022-03-22T21:06:00.442+0000][7][gc,age      ] GC(19) Desired survivor size 20971520 bytes, new threshold 3 (max threshold 15)
[2022-03-22T21:06:00.453+0000][7][gc,age      ] GC(19) Age table with threshold 3 (max threshold 15)
[2022-03-22T21:06:00.453+0000][7][gc,age      ] GC(19) - age   1:    1441320 bytes,    1441320 total
[2022-03-22T21:06:00.453+0000][7][gc,age      ] GC(19) - age   2:    2836048 bytes,    4277368 total
[2022-03-22T21:06:00.453+0000][7][gc,age      ] GC(19) - age   3:   13554448 bytes,   17831816 total
[2022-03-22T21:06:00.453+0000][7][gc,phases   ] GC(19)   Pre Evacuate Collection Set: 0.3ms
[2022-03-22T21:06:00.453+0000][7][gc,phases   ] GC(19)   Merge Heap Roots: 0.2ms
[2022-03-22T21:06:00.453+0000][7][gc,phases   ] GC(19)   Evacuate Collection Set: 8.6ms
[2022-03-22T21:06:00.454+0000][7][gc,phases   ] GC(19)   Post Evacuate Collection Set: 1.8ms
[2022-03-22T21:06:00.454+0000][7][gc,phases   ] GC(19)   Other: 1.3ms
[2022-03-22T21:06:00.454+0000][7][gc,heap     ] GC(19) Eden regions: 70->0(71)
[2022-03-22T21:06:00.454+0000][7][gc,heap     ] GC(19) Survivor regions: 6->5(10)
[2022-03-22T21:06:00.454+0000][7][gc,heap     ] GC(19) Old regions: 15->16
[2022-03-22T21:06:00.454+0000][7][gc,heap     ] GC(19) Archive regions: 2->2
[2022-03-22T21:06:00.454+0000][7][gc,heap     ] GC(19) Humongous regions: 0->0
[2022-03-22T21:06:00.454+0000][7][gc,metaspace] GC(19) Metaspace: 91531K(92928K)->91531K(92928K) NonClass: 79021K(79808K)->79021K(79808K) Class: 12510K(13120K)->12510K(13120K)
[2022-03-22T21:06:00.454+0000][7][gc          ] GC(19) Pause Young (Normal) (G1 Evacuation Pause) 364M->85M(512M) 13.306ms
[2022-03-22T21:06:00.455+0000][7][gc,cpu      ] GC(19) User=0.09s Sys=0.01s Real=0.01s
[2022-03-22T21:06:00.455+0000][7][safepoint   ] Safepoint "G1CollectForAllocation", Time since last: 10097988843 ns, Reaching safepoint: 297569 ns, At safepoint: 13651319 ns, Total: 13948888 ns
[2022-03-22T21:06:33.460+0000][7][safepoint   ] Safepoint "Cleanup", Time since last: 33004446312 ns, Reaching safepoint: 370974 ns, At safepoint: 7444 ns, Total: 378418 ns
[2022-03-22T21:06:36.461+0000][7][safepoint   ] Safepoint "Cleanup", Time since last: 3000710853 ns, Reaching safepoint: 294341 ns, At safepoint: 6672 ns, Total: 301013 ns
[2022-03-22T21:06:46.463+0000][7][safepoint   ] Safepoint "Cleanup", Time since last: 10001671478 ns, Reaching safepoint: 307336 ns, At safepoint: 7333 ns, Total: 314669 ns
[2022-03-22T21:07:06.466+0000][7][safepoint   ] Safepoint "Cleanup", Time since last: 20002725131 ns, Reaching safepoint: 317133 ns, At safepoint: 6583 ns, Total: 323716 ns
[2022-03-22T21:07:28.469+0000][7][safepoint   ] Safepoint "Cleanup", Time since last: 22002905698 ns, Reaching safepoint: 305612 ns, At safepoint: 6802 ns, Total: 312414 ns
[2022-03-22T21:07:33.470+0000][7][safepoint   ] Safepoint "Cleanup", Time since last: 5000968543 ns, Reaching safepoint: 298128 ns, At safepoint: 6733 ns, Total: 304861 ns
[2022-03-22T21:07:36.471+0000][7][safepoint   ] Safepoint "Cleanup", Time since last: 3000683038 ns, Reaching safepoint: 337071 ns, At safepoint: 7274 ns, Total: 344345 ns
[2022-03-22T21:08:10.476+0000][7][safepoint   ] Safepoint "Cleanup", Time since last: 34004739911 ns, Reaching safepoint: 341078 ns, At safepoint: 7394 ns, Total: 348472 ns
[2022-03-22T21:08:18.478+0000][7][safepoint   ] Safepoint "Cleanup", Time since last: 8001209002 ns, Reaching safepoint: 277450 ns, At safepoint: 5470 ns, Total: 282920 ns
[2022-03-22T21:10:36.496+0000][7][safepoint   ] Safepoint "Cleanup", Time since last: 138017872178 ns, Reaching safepoint: 295473 ns, At safepoint: 6002 ns, Total: 301475 ns
[2022-03-22T21:13:48.520+0000][7][safepoint   ] Safepoint "Cleanup", Time since last: 192024128507 ns, Reaching safepoint: 329777 ns, At safepoint: 6572 ns, Total: 336349 ns
[2022-03-22T21:14:01.523+0000][7][safepoint   ] Safepoint "Cleanup", Time since last: 13001830153 ns, Reaching safepoint: 309610 ns, At safepoint: 7754 ns, Total: 317364 ns
[2022-03-22T21:14:03.524+0000][7][safepoint   ] Safepoint "Cleanup", Time since last: 2000672191 ns, Reaching safepoint: 333213 ns, At safepoint: 6983 ns, Total: 340196 ns
[2022-03-22T21:14:36.528+0000][7][safepoint   ] Safepoint "Cleanup", Time since last: 33004360892 ns, Reaching safepoint: 371636 ns, At safepoint: 6412 ns, Total: 378048 ns
[2022-03-22T21:14:48.530+0000][7][safepoint   ] Safepoint "Cleanup", Time since last: 12001848760 ns, Reaching safepoint: 288379 ns, At safepoint: 6272 ns, Total: 294651 ns
[2022-03-22T21:15:06.533+0000][7][safepoint   ] Safepoint "Cleanup", Time since last: 18002761446 ns, Reaching safepoint: 260788 ns, At safepoint: 6702 ns, Total: 267490 ns
[2022-03-22T21:15:28.537+0000][7][safepoint   ] Safepoint "Cleanup", Time since last: 22003162662 ns, Reaching safepoint: 344124 ns, At safepoint: 17763 ns, Total: 361887 ns
[2022-03-22T21:15:53.541+0000][7][safepoint   ] Safepoint "Cleanup", Time since last: 25003440299 ns, Reaching safepoint: 372227 ns, At safepoint: 6251 ns, Total: 378478 ns
[2022-03-22T21:16:40.548+0000][7][safepoint   ] Safepoint "Cleanup", Time since last: 47006683890 ns, Reaching safepoint: 284091 ns, At safepoint: 6432 ns, Total: 290523 ns
[2022-03-22T21:16:46.549+0000][7][safepoint   ] Safepoint "Cleanup", Time since last: 6001120215 ns, Reaching safepoint: 314579 ns, At safepoint: 6752 ns, Total: 321331 ns
[2022-03-22T21:17:06.553+0000][7][safepoint   ] Safepoint "Cleanup", Time since last: 20003116345 ns, Reaching safepoint: 264204 ns, At safepoint: 6042 ns, Total: 270246 ns
[2022-03-22T21:17:55.752+0000][7][gc,start    ] GC(20) Pause Young (Normal) (G1 Evacuation Pause)
[2022-03-22T21:17:55.752+0000][7][gc,task     ] GC(20) Using 12 workers of 18 for evacuation
[2022-03-22T21:17:55.752+0000][7][gc,age      ] GC(20) Desired survivor size 20971520 bytes, new threshold 15 (max threshold 15)
[2022-03-22T21:17:55.762+0000][7][gc,age      ] GC(20) Age table with threshold 15 (max threshold 15)
[2022-03-22T21:17:55.762+0000][7][gc,age      ] GC(20) - age   1:      23424 bytes,      23424 total
[2022-03-22T21:17:55.762+0000][7][gc,age      ] GC(20) - age   2:    1278648 bytes,    1302072 total
[2022-03-22T21:17:55.762+0000][7][gc,age      ] GC(20) - age   3:    2635192 bytes,    3937264 total
[2022-03-22T21:17:55.762+0000][7][gc,age      ] GC(20) - age   4:   12631680 bytes,   16568944 total
[2022-03-22T21:17:55.762+0000][7][gc,phases   ] GC(20)   Pre Evacuate Collection Set: 0.2ms
[2022-03-22T21:17:55.763+0000][7][gc,phases   ] GC(20)   Merge Heap Roots: 0.2ms
[2022-03-22T21:17:55.763+0000][7][gc,phases   ] GC(20)   Evacuate Collection Set: 6.0ms
[2022-03-22T21:17:55.763+0000][7][gc,phases   ] GC(20)   Post Evacuate Collection Set: 2.8ms
[2022-03-22T21:17:55.763+0000][7][gc,phases   ] GC(20)   Other: 1.7ms
[2022-03-22T21:17:55.763+0000][7][gc,heap     ] GC(20) Eden regions: 71->0(71)
[2022-03-22T21:17:55.763+0000][7][gc,heap     ] GC(20) Survivor regions: 5->5(10)
[2022-03-22T21:17:55.764+0000][7][gc,heap     ] GC(20) Old regions: 16->16
[2022-03-22T21:17:55.764+0000][7][gc,heap     ] GC(20) Archive regions: 2->2
[2022-03-22T21:17:55.764+0000][7][gc,heap     ] GC(20) Humongous regions: 0->0
[2022-03-22T21:17:55.764+0000][7][gc,metaspace] GC(20) Metaspace: 91653K(93056K)->91653K(93056K) NonClass: 79133K(79936K)->79133K(79936K) Class: 12519K(13120K)->12519K(13120K)
[2022-03-22T21:17:55.764+0000][7][gc          ] GC(20) Pause Young (Normal) (G1 Evacuation Pause) 369M->83M(512M) 12.549ms
[2022-03-22T21:17:55.764+0000][7][gc,cpu      ] GC(20) User=0.05s Sys=0.03s Real=0.01s
[2022-03-22T21:17:55.765+0000][7][safepoint   ] Safepoint "G1CollectForAllocation", Time since last: 49198724121 ns, Reaching safepoint: 273351 ns, At safepoint: 12933886 ns, Total: 13207237 ns
[2022-03-22T21:20:06.782+0000][7][safepoint   ] Safepoint "Cleanup", Time since last: 131017057957 ns, Reaching safepoint: 304440 ns, At safepoint: 6622 ns, Total: 311062 ns
[2022-03-22T21:20:23.785+0000][7][safepoint   ] Safepoint "Cleanup", Time since last: 17002719717 ns, Reaching safepoint: 324487 ns, At safepoint: 6873 ns, Total: 331360 ns
[2022-03-22T21:20:25.786+0000][7][safepoint   ] Safepoint "Cleanup", Time since last: 2000629512 ns, Reaching safepoint: 329306 ns, At safepoint: 6633 ns, Total: 335939 ns
[2022-03-22T21:20:34.701+0000][7][safepoint   ] Safepoint "Cleanup", Time since last: 8915013517 ns, Reaching safepoint: 271628 ns, At safepoint: 21040 ns, Total: 292668 ns
[2022-03-22T21:20:35.051+0000][7][safepoint   ] Safepoint "ICBufferFull", Time since last: 349433235 ns, Reaching safepoint: 349855 ns, At safepoint: 143508 ns, Total: 493363 ns
[2022-03-22T21:20:35.802+0000][7][safepoint   ] Safepoint "ICBufferFull", Time since last: 750444066 ns, Reaching safepoint: 358150 ns, At safepoint: 66565 ns, Total: 424715 ns
[2022-03-22T21:20:36.803+0000][7][safepoint   ] Safepoint "Cleanup", Time since last: 1000461243 ns, Reaching safepoint: 381904 ns, At safepoint: 8276 ns, Total: 390180 ns
[2022-03-22T21:20:38.804+0000][7][safepoint   ] Safepoint "Cleanup", Time since last: 2000747779 ns, Reaching safepoint: 290364 ns, At safepoint: 6873 ns, Total: 297237 ns
[2022-03-22T21:20:43.805+0000][7][safepoint   ] Safepoint "Cleanup", Time since last: 5000987378 ns, Reaching safepoint: 329547 ns, At safepoint: 5991 ns, Total: 335538 ns
[2022-03-22T21:20:47.806+0000][7][safepoint   ] Safepoint "Cleanup", Time since last: 4000856925 ns, Reaching safepoint: 308888 ns, At safepoint: 8566 ns, Total: 317454 ns
[2022-03-22T21:20:59.808+0000][7][safepoint   ] Safepoint "Cleanup", Time since last: 12001778036 ns, Reaching safepoint: 278712 ns, At safepoint: 6352 ns, Total: 285064 ns
[2022-03-22T21:21:05.810+0000][7][safepoint   ] Safepoint "Cleanup", Time since last: 6001078028 ns, Reaching safepoint: 272991 ns, At safepoint: 6702 ns, Total: 279693 ns
[2022-03-22T21:21:06.811+0000][7][safepoint   ] Safepoint "Cleanup", Time since last: 1000460642 ns, Reaching safepoint: 282659 ns, At safepoint: 6342 ns, Total: 289001 ns
[2022-03-22T21:21:23.337+0000][7][safepoint   ] Safepoint "Cleanup", Time since last: 16526259832 ns, Reaching safepoint: 363328 ns, At safepoint: 57368 ns, Total: 420696 ns
[2022-03-22T21:21:24.367+0000][7][safepoint   ] Safepoint "Cleanup", Time since last: 1029408674 ns, Reaching safepoint: 307145 ns, At safepoint: 7674 ns, Total: 314819 ns
[2022-03-22T21:21:35.369+0000][7][safepoint   ] Safepoint "Cleanup", Time since last: 11001647373 ns, Reaching safepoint: 277420 ns, At safepoint: 7844 ns, Total: 285264 ns
[2022-03-22T21:21:36.370+0000][7][safepoint   ] Safepoint "Cleanup", Time since last: 1000430807 ns, Reaching safepoint: 272720 ns, At safepoint: 6492 ns, Total: 279212 ns
[2022-03-22T21:21:37.370+0000][7][safepoint   ] Safepoint "Cleanup", Time since last: 1000375703 ns, Reaching safepoint: 256080 ns, At safepoint: 6903 ns, Total: 262983 ns
[2022-03-22T21:22:07.375+0000][7][safepoint   ] Safepoint "Cleanup", Time since last: 30003989526 ns, Reaching safepoint: 325710 ns, At safepoint: 19136 ns, Total: 344846 ns
[2022-03-22T21:22:29.378+0000][7][safepoint   ] Safepoint "Cleanup", Time since last: 22003158110 ns, Reaching safepoint: 314238 ns, At safepoint: 6953 ns, Total: 321191 ns
[2022-03-22T21:22:35.380+0000][7][safepoint   ] Safepoint "Cleanup", Time since last: 6001142939 ns, Reaching safepoint: 294852 ns, At safepoint: 20298 ns, Total: 315150 ns
[2022-03-22T21:22:40.381+0000][7][safepoint   ] Safepoint "Cleanup", Time since last: 5000959857 ns, Reaching safepoint: 347530 ns, At safepoint: 8276 ns, Total: 355806 ns
[2022-03-22T21:22:44.382+0000][7][safepoint   ] Safepoint "Cleanup", Time since last: 4000905925 ns, Reaching safepoint: 346028 ns, At safepoint: 8346 ns, Total: 354374 ns
[2022-03-22T21:23:29.389+0000][7][safepoint   ] Safepoint "Cleanup", Time since last: 45006138759 ns, Reaching safepoint: 387706 ns, At safepoint: 8025 ns, Total: 395731 ns
[2022-03-22T21:23:36.390+0000][7][safepoint   ] Safepoint "Cleanup", Time since last: 7001323697 ns, Reaching safepoint: 279062 ns, At safepoint: 6472 ns, Total: 285534 ns
[2022-03-22T21:23:45.392+0000][7][safepoint   ] Safepoint "Cleanup", Time since last: 9001376136 ns, Reaching safepoint: 339295 ns, At safepoint: 8315 ns, Total: 347610 ns
[2022-03-22T21:24:05.395+0000][7][safepoint   ] Safepoint "Cleanup", Time since last: 20002766989 ns, Reaching safepoint: 410328 ns, At safepoint: 9558 ns, Total: 419886 ns
[2022-03-22T21:24:25.398+0000][7][safepoint   ] Safepoint "Cleanup", Time since last: 20002752271 ns, Reaching safepoint: 319708 ns, At safepoint: 6773 ns, Total: 326481 ns
[2022-03-22T21:24:36.400+0000][7][safepoint   ] Safepoint "Cleanup", Time since last: 11001745416 ns, Reaching safepoint: 314098 ns, At safepoint: 7805 ns, Total: 321903 ns
[2022-03-22T21:24:41.402+0000][7][safepoint   ] Safepoint "Cleanup", Time since last: 5000947824 ns, Reaching safepoint: 392815 ns, At safepoint: 8867 ns, Total: 401682 ns
[2022-03-22T21:24:42.403+0000][7][safepoint   ] Safepoint "Cleanup", Time since last: 1000660215 ns, Reaching safepoint: 262151 ns, At safepoint: 7754 ns, Total: 269905 ns
[2022-03-22T21:24:53.405+0000][7][safepoint   ] Safepoint "Cleanup", Time since last: 11001651391 ns, Reaching safepoint: 331140 ns, At safepoint: 8776 ns, Total: 339916 ns
[2022-03-22T21:24:57.406+0000][7][safepoint   ] Safepoint "Cleanup", Time since last: 4000874497 ns, Reaching safepoint: 263754 ns, At safepoint: 7163 ns, Total: 270917 ns
[2022-03-22T21:25:06.407+0000][7][safepoint   ] Safepoint "Cleanup", Time since last: 9001316744 ns, Reaching safepoint: 277450 ns, At safepoint: 7885 ns, Total: 285335 ns
[2022-03-22T21:25:39.412+0000][7][safepoint   ] Safepoint "Cleanup", Time since last: 33004493880 ns, Reaching safepoint: 285615 ns, At safepoint: 8155 ns, Total: 293770 ns
[2022-03-22T21:25:40.413+0000][7][safepoint   ] Safepoint "Cleanup", Time since last: 1000459971 ns, Reaching safepoint: 341549 ns, At safepoint: 8165 ns, Total: 349714 ns
[2022-03-22T21:26:05.965+0000][7][gc,start    ] GC(21) Pause Young (Normal) (G1 Evacuation Pause)
[2022-03-22T21:26:05.965+0000][7][gc,task     ] GC(21) Using 12 workers of 18 for evacuation
[2022-03-22T21:26:05.965+0000][7][gc,age      ] GC(21) Desired survivor size 20971520 bytes, new threshold 15 (max threshold 15)
[2022-03-22T21:26:05.979+0000][7][gc,age      ] GC(21) Age table with threshold 15 (max threshold 15)
[2022-03-22T21:26:05.979+0000][7][gc,age      ] GC(21) - age   1:    8605904 bytes,    8605904 total
[2022-03-22T21:26:05.979+0000][7][gc,age      ] GC(21) - age   2:      14680 bytes,    8620584 total
[2022-03-22T21:26:05.979+0000][7][gc,age      ] GC(21) - age   3:    1211600 bytes,    9832184 total
[2022-03-22T21:26:05.979+0000][7][gc,age      ] GC(21) - age   4:    2604432 bytes,   12436616 total
[2022-03-22T21:26:05.980+0000][7][gc,age      ] GC(21) - age   5:   12585936 bytes,   25022552 total
[2022-03-22T21:26:05.980+0000][7][gc,phases   ] GC(21)   Pre Evacuate Collection Set: 0.3ms
[2022-03-22T21:26:05.980+0000][7][gc,phases   ] GC(21)   Merge Heap Roots: 0.2ms
[2022-03-22T21:26:05.980+0000][7][gc,phases   ] GC(21)   Evacuate Collection Set: 10.0ms
[2022-03-22T21:26:05.980+0000][7][gc,phases   ] GC(21)   Post Evacuate Collection Set: 3.0ms
[2022-03-22T21:26:05.980+0000][7][gc,phases   ] GC(21)   Other: 1.7ms
[2022-03-22T21:26:05.980+0000][7][gc,heap     ] GC(21) Eden regions: 71->0(69)
[2022-03-22T21:26:05.981+0000][7][gc,heap     ] GC(21) Survivor regions: 5->7(10)
[2022-03-22T21:26:05.981+0000][7][gc,heap     ] GC(21) Old regions: 16->16
[2022-03-22T21:26:05.981+0000][7][gc,heap     ] GC(21) Archive regions: 2->2
[2022-03-22T21:26:05.981+0000][7][gc,heap     ] GC(21) Humongous regions: 2->2
[2022-03-22T21:26:05.981+0000][7][gc,metaspace] GC(21) Metaspace: 102402K(103808K)->102402K(103808K) NonClass: 88458K(89280K)->88458K(89280K) Class: 13944K(14528K)->13944K(14528K)
[2022-03-22T21:26:05.981+0000][7][gc          ] GC(21) Pause Young (Normal) (G1 Evacuation Pause) 375M->100M(512M) 16.663ms
[2022-03-22T21:26:05.981+0000][7][gc,cpu      ] GC(21) User=0.12s Sys=0.00s Real=0.02s
[2022-03-22T21:26:05.982+0000][7][safepoint   ] Safepoint "G1CollectForAllocation", Time since last: 25551303806 ns, Reaching safepoint: 308487 ns, At safepoint: 17048260 ns, Total: 17356747 ns
[2022-03-22T21:26:06.982+0000][7][safepoint   ] Safepoint "Cleanup", Time since last: 1000373458 ns, Reaching safepoint: 295132 ns, At safepoint: 7384 ns, Total: 302516 ns
[2022-03-22T21:26:09.983+0000][7][safepoint   ] Safepoint "Cleanup", Time since last: 3000668902 ns, Reaching safepoint: 307666 ns, At safepoint: 8245 ns, Total: 315911 ns
[2022-03-22T21:26:35.987+0000][7][safepoint   ] Safepoint "Cleanup", Time since last: 26003482939 ns, Reaching safepoint: 308948 ns, At safepoint: 7504 ns, Total: 316452 ns
[2022-03-22T21:27:00.991+0000][7][safepoint   ] Safepoint "Cleanup", Time since last: 25003260923 ns, Reaching safepoint: 310932 ns, At safepoint: 7915 ns, Total: 318847 ns
[2022-03-22T21:27:11.992+0000][7][safepoint   ] Safepoint "Cleanup", Time since last: 11001548110 ns, Reaching safepoint: 282519 ns, At safepoint: 7053 ns, Total: 289572 ns
[2022-03-22T21:27:44.997+0000][7][safepoint   ] Safepoint "Cleanup", Time since last: 33004108908 ns, Reaching safepoint: 345857 ns, At safepoint: 13295 ns, Total: 359152 ns
[2022-03-22T21:28:06.000+0000][7][safepoint   ] Safepoint "Cleanup", Time since last: 21002758822 ns, Reaching safepoint: 322444 ns, At safepoint: 8486 ns, Total: 330930 ns
[2022-03-22T21:28:37.005+0000][7][safepoint   ] Safepoint "Cleanup", Time since last: 31004115215 ns, Reaching safepoint: 344916 ns, At safepoint: 27451 ns, Total: 372367 ns
[2022-03-22T21:29:36.054+0000][7][safepoint   ] Safepoint "Cleanup", Time since last: 59048892401 ns, Reaching safepoint: 393013 ns, At safepoint: 71374 ns, Total: 464387 ns
[2022-03-22T21:29:37.422+0000][7][safepoint   ] Safepoint "Cleanup", Time since last: 1367962447 ns, Reaching safepoint: 312906 ns, At safepoint: 7864 ns, Total: 320770 ns
[2022-03-22T21:30:55.431+0000][7][safepoint   ] Safepoint "Cleanup", Time since last: 78008921497 ns, Reaching safepoint: 314258 ns, At safepoint: 7314 ns, Total: 321572 ns
[2022-03-22T21:31:09.434+0000][7][safepoint   ] Safepoint "Cleanup", Time since last: 14002222980 ns, Reaching safepoint: 332423 ns, At safepoint: 8015 ns, Total: 340438 ns
[2022-03-22T21:31:35.438+0000][7][safepoint   ] Safepoint "Cleanup", Time since last: 26003849845 ns, Reaching safepoint: 313446 ns, At safepoint: 6553 ns, Total: 319999 ns
[2022-03-22T21:31:36.439+0000][7][safepoint   ] Safepoint "Cleanup", Time since last: 1000414586 ns, Reaching safepoint: 256279 ns, At safepoint: 6843 ns, Total: 263122 ns
[2022-03-22T21:33:05.450+0000][7][safepoint   ] Safepoint "Cleanup", Time since last: 89011218816 ns, Reaching safepoint: 357059 ns, At safepoint: 7674 ns, Total: 364733 ns
[2022-03-22T21:35:12.243+0000][7][gc,heap,exit] Heap
[2022-03-22T21:35:12.243+0000][7][gc,heap,exit]  garbage-first heap   total 524288K, used 343122K [0x00000000e0000000, 0x0000000100000000)
[2022-03-22T21:35:12.244+0000][7][gc,heap,exit]   region size 4096K, 66 young (270336K), 7 survivors (28672K)
[2022-03-22T21:35:12.244+0000][7][gc,heap,exit]  Metaspace       used 102622K, committed 104064K, reserved 1138688K
[2022-03-22T21:35:12.244+0000][7][gc,heap,exit]   class space    used 13978K, committed 14592K, reserved 1048576K
