[2022-03-22T20:36:25.227+0000][7][gc] Using G1
[2022-03-22T20:36:25.329+0000][7][gc,init] Version: 16+36 (release)
[2022-03-22T20:36:25.329+0000][7][gc,init] CPUs: 24 total, 24 available
[2022-03-22T20:36:25.329+0000][7][gc,init] Memory: 25586M
[2022-03-22T20:36:25.330+0000][7][gc,init] Large Page Support: Disabled
[2022-03-22T20:36:25.330+0000][7][gc,init] NUMA Support: Disabled
[2022-03-22T20:36:25.330+0000][7][gc,init] Compressed Oops: Enabled (32-bit)
[2022-03-22T20:36:25.330+0000][7][gc,init] Heap Region Size: 4M
[2022-03-22T20:36:25.330+0000][7][gc,init] Heap Min Capacity: 512M
[2022-03-22T20:36:25.331+0000][7][gc,init] Heap Initial Capacity: 512M
[2022-03-22T20:36:25.331+0000][7][gc,init] Heap Max Capacity: 512M
[2022-03-22T20:36:25.331+0000][7][gc,init] Pre-touch: Enabled
[2022-03-22T20:36:25.331+0000][7][gc,init] Parallel Workers: 18
[2022-03-22T20:36:25.331+0000][7][gc,init] Concurrent Workers: 5
[2022-03-22T20:36:25.332+0000][7][gc,init] Concurrent Refinement Workers: 18
[2022-03-22T20:36:25.332+0000][7][gc,init] Periodic GC: Disabled
[2022-03-22T20:36:25.332+0000][7][gc,metaspace] CDS archive(s) mapped at: [0x0000000800000000-0x0000000800bea000-0x0000000800bea000), size 12492800, SharedBaseAddress: 0x0000000800000000, ArchiveRelocationMode: 0.
[2022-03-22T20:36:25.332+0000][7][gc,metaspace] Compressed class space mapped at: 0x0000000800c00000-0x0000000840c00000, reserved size: 1073741824
[2022-03-22T20:36:25.333+0000][7][gc,metaspace] Narrow klass base: 0x0000000800000000, Narrow klass shift: 3, Narrow klass range: 0x100000000
[2022-03-22T20:36:25.631+0000][7][safepoint   ] Safepoint "ICBufferFull", Time since last: 292813218 ns, Reaching safepoint: 266750 ns, At safepoint: 39083 ns, Total: 305833 ns
[2022-03-22T20:36:25.815+0000][7][gc,start    ] GC(0) Pause Young (Normal) (G1 Evacuation Pause)
[2022-03-22T20:36:25.816+0000][7][gc,task     ] GC(0) Using 12 workers of 18 for evacuation
[2022-03-22T20:36:25.816+0000][7][gc,age      ] GC(0) Desired survivor size 2097152 bytes, new threshold 15 (max threshold 15)
[2022-03-22T20:36:25.820+0000][7][gc,age      ] GC(0) Age table with threshold 15 (max threshold 15)
[2022-03-22T20:36:25.820+0000][7][gc,age      ] GC(0) - age   1:    4160272 bytes,    4160272 total
[2022-03-22T20:36:25.821+0000][7][gc,phases   ] GC(0)   Pre Evacuate Collection Set: 0.3ms
[2022-03-22T20:36:25.821+0000][7][gc,phases   ] GC(0)   Merge Heap Roots: 0.2ms
[2022-03-22T20:36:25.821+0000][7][gc,phases   ] GC(0)   Evacuate Collection Set: 2.4ms
[2022-03-22T20:36:25.821+0000][7][gc,phases   ] GC(0)   Post Evacuate Collection Set: 0.9ms
[2022-03-22T20:36:25.821+0000][7][gc,phases   ] GC(0)   Other: 1.4ms
[2022-03-22T20:36:25.821+0000][7][gc,heap     ] GC(0) Eden regions: 6->0(6)
[2022-03-22T20:36:25.822+0000][7][gc,heap     ] GC(0) Survivor regions: 0->1(1)
[2022-03-22T20:36:25.822+0000][7][gc,heap     ] GC(0) Old regions: 0->1
[2022-03-22T20:36:25.822+0000][7][gc,heap     ] GC(0) Archive regions: 2->2
[2022-03-22T20:36:25.822+0000][7][gc,heap     ] GC(0) Humongous regions: 0->0
[2022-03-22T20:36:25.822+0000][7][gc,metaspace] GC(0) Metaspace: 7834K(8064K)->7834K(8064K) NonClass: 6990K(7104K)->6990K(7104K) Class: 843K(960K)->843K(960K)
[2022-03-22T20:36:25.823+0000][7][gc          ] GC(0) Pause Young (Normal) (G1 Evacuation Pause) 27M->8M(512M) 7.167ms
[2022-03-22T20:36:25.823+0000][7][gc,cpu      ] GC(0) User=0.03s Sys=0.01s Real=0.01s
[2022-03-22T20:36:25.823+0000][7][safepoint   ] Safepoint "G1CollectForAllocation", Time since last: 183871451 ns, Reaching safepoint: 137988 ns, At safepoint: 7578066 ns, Total: 7716054 ns
[2022-03-22T20:36:26.376+0000][7][gc,start    ] GC(1) Pause Young (Normal) (G1 Evacuation Pause)
[2022-03-22T20:36:26.376+0000][7][gc,task     ] GC(1) Using 12 workers of 18 for evacuation
[2022-03-22T20:36:26.376+0000][7][gc,age      ] GC(1) Desired survivor size 2097152 bytes, new threshold 1 (max threshold 15)
[2022-03-22T20:36:26.381+0000][7][gc,age      ] GC(1) Age table with threshold 1 (max threshold 15)
[2022-03-22T20:36:26.381+0000][7][gc,age      ] GC(1) - age   1:    2092800 bytes,    2092800 total
[2022-03-22T20:36:26.381+0000][7][gc,phases   ] GC(1)   Pre Evacuate Collection Set: 0.2ms
[2022-03-22T20:36:26.381+0000][7][gc,phases   ] GC(1)   Merge Heap Roots: 0.2ms
[2022-03-22T20:36:26.381+0000][7][gc,phases   ] GC(1)   Evacuate Collection Set: 2.9ms
[2022-03-22T20:36:26.381+0000][7][gc,phases   ] GC(1)   Post Evacuate Collection Set: 1.0ms
[2022-03-22T20:36:26.382+0000][7][gc,phases   ] GC(1)   Other: 1.1ms
[2022-03-22T20:36:26.382+0000][7][gc,heap     ] GC(1) Eden regions: 6->0(15)
[2022-03-22T20:36:26.382+0000][7][gc,heap     ] GC(1) Survivor regions: 1->1(1)
[2022-03-22T20:36:26.382+0000][7][gc,heap     ] GC(1) Old regions: 1->2
[2022-03-22T20:36:26.382+0000][7][gc,heap     ] GC(1) Archive regions: 2->2
[2022-03-22T20:36:26.382+0000][7][gc,heap     ] GC(1) Humongous regions: 0->0
[2022-03-22T20:36:26.382+0000][7][gc,metaspace] GC(1) Metaspace: 12231K(12352K)->12231K(12352K) NonClass: 10805K(10880K)->10805K(10880K) Class: 1426K(1472K)->1426K(1472K)
[2022-03-22T20:36:26.383+0000][7][gc          ] GC(1) Pause Young (Normal) (G1 Evacuation Pause) 32M->10M(512M) 6.972ms
[2022-03-22T20:36:26.383+0000][7][gc,cpu      ] GC(1) User=0.01s Sys=0.01s Real=0.01s
[2022-03-22T20:36:26.383+0000][7][safepoint   ] Safepoint "G1CollectForAllocation", Time since last: 552368007 ns, Reaching safepoint: 342650 ns, At safepoint: 7362812 ns, Total: 7705462 ns
[2022-03-22T20:36:26.695+0000][7][safepoint   ] Safepoint "ICBufferFull", Time since last: 311588731 ns, Reaching safepoint: 366074 ns, At safepoint: 61866 ns, Total: 427940 ns
[2022-03-22T20:36:26.840+0000][7][gc,start    ] GC(2) Pause Young (Normal) (G1 Evacuation Pause)
[2022-03-22T20:36:26.841+0000][7][gc,task     ] GC(2) Using 12 workers of 18 for evacuation
[2022-03-22T20:36:26.841+0000][7][gc,age      ] GC(2) Desired survivor size 4194304 bytes, new threshold 15 (max threshold 15)
[2022-03-22T20:36:26.845+0000][7][gc,age      ] GC(2) Age table with threshold 15 (max threshold 15)
[2022-03-22T20:36:26.845+0000][7][gc,age      ] GC(2) - age   1:    1332760 bytes,    1332760 total
[2022-03-22T20:36:26.846+0000][7][gc,age      ] GC(2) - age   2:    2056024 bytes,    3388784 total
[2022-03-22T20:36:26.846+0000][7][gc,phases   ] GC(2)   Pre Evacuate Collection Set: 0.3ms
[2022-03-22T20:36:26.846+0000][7][gc,phases   ] GC(2)   Merge Heap Roots: 0.2ms
[2022-03-22T20:36:26.846+0000][7][gc,phases   ] GC(2)   Evacuate Collection Set: 2.0ms
[2022-03-22T20:36:26.846+0000][7][gc,phases   ] GC(2)   Post Evacuate Collection Set: 1.7ms
[2022-03-22T20:36:26.846+0000][7][gc,phases   ] GC(2)   Other: 1.5ms
[2022-03-22T20:36:26.847+0000][7][gc,heap     ] GC(2) Eden regions: 15->0(71)
[2022-03-22T20:36:26.847+0000][7][gc,heap     ] GC(2) Survivor regions: 1->1(2)
[2022-03-22T20:36:26.847+0000][7][gc,heap     ] GC(2) Old regions: 2->2
[2022-03-22T20:36:26.847+0000][7][gc,heap     ] GC(2) Archive regions: 2->2
[2022-03-22T20:36:26.847+0000][7][gc,heap     ] GC(2) Humongous regions: 0->0
[2022-03-22T20:36:26.847+0000][7][gc,metaspace] GC(2) Metaspace: 14994K(15232K)->14994K(15232K) NonClass: 13319K(13440K)->13319K(13440K) Class: 1675K(1792K)->1675K(1792K)
[2022-03-22T20:36:26.848+0000][7][gc          ] GC(2) Pause Young (Normal) (G1 Evacuation Pause) 70M->11M(512M) 7.466ms
[2022-03-22T20:36:26.848+0000][7][gc,cpu      ] GC(2) User=0.04s Sys=0.01s Real=0.01s
[2022-03-22T20:36:26.848+0000][7][safepoint   ] Safepoint "G1CollectForAllocation", Time since last: 144898377 ns, Reaching safepoint: 285824 ns, At safepoint: 8012548 ns, Total: 8298372 ns
[2022-03-22T20:36:26.933+0000][7][safepoint   ] Safepoint "ICBufferFull", Time since last: 84374223 ns, Reaching safepoint: 258774 ns, At safepoint: 36829 ns, Total: 295603 ns
[2022-03-22T20:36:26.937+0000][7][safepoint   ] Safepoint "ICBufferFull", Time since last: 4199010 ns, Reaching safepoint: 304370 ns, At safepoint: 28032 ns, Total: 332402 ns
[2022-03-22T20:36:26.940+0000][7][safepoint   ] Safepoint "ICBufferFull", Time since last: 2863909 ns, Reaching safepoint: 220122 ns, At safepoint: 23234 ns, Total: 243356 ns
[2022-03-22T20:36:26.944+0000][7][safepoint   ] Safepoint "ICBufferFull", Time since last: 2953519 ns, Reaching safepoint: 221234 ns, At safepoint: 23303 ns, Total: 244537 ns
[2022-03-22T20:36:26.948+0000][7][safepoint   ] Safepoint "ICBufferFull", Time since last: 3674789 ns, Reaching safepoint: 253484 ns, At safepoint: 24486 ns, Total: 277970 ns
[2022-03-22T20:36:26.950+0000][7][safepoint   ] Safepoint "ICBufferFull", Time since last: 1830986 ns, Reaching safepoint: 229960 ns, At safepoint: 3717 ns, Total: 233677 ns
[2022-03-22T20:36:26.952+0000][7][safepoint   ] Safepoint "ICBufferFull", Time since last: 2426442 ns, Reaching safepoint: 238496 ns, At safepoint: 42800 ns, Total: 281296 ns
[2022-03-22T20:36:26.955+0000][7][safepoint   ] Safepoint "ICBufferFull", Time since last: 1896490 ns, Reaching safepoint: 222106 ns, At safepoint: 3496 ns, Total: 225602 ns
[2022-03-22T20:36:26.957+0000][7][safepoint   ] Safepoint "ICBufferFull", Time since last: 2289836 ns, Reaching safepoint: 226724 ns, At safepoint: 22352 ns, Total: 249076 ns
[2022-03-22T20:36:26.960+0000][7][safepoint   ] Safepoint "ICBufferFull", Time since last: 2166807 ns, Reaching safepoint: 252092 ns, At safepoint: 26379 ns, Total: 278471 ns
[2022-03-22T20:36:26.963+0000][7][safepoint   ] Safepoint "ICBufferFull", Time since last: 3113217 ns, Reaching safepoint: 256080 ns, At safepoint: 4979 ns, Total: 261059 ns
[2022-03-22T20:36:26.965+0000][7][safepoint   ] Safepoint "ICBufferFull", Time since last: 2045519 ns, Reaching safepoint: 241291 ns, At safepoint: 3727 ns, Total: 245018 ns
[2022-03-22T20:36:26.969+0000][7][safepoint   ] Safepoint "ICBufferFull", Time since last: 3131822 ns, Reaching safepoint: 245189 ns, At safepoint: 4078 ns, Total: 249267 ns
[2022-03-22T20:36:26.972+0000][7][safepoint   ] Safepoint "ICBufferFull", Time since last: 3619875 ns, Reaching safepoint: 222346 ns, At safepoint: 3827 ns, Total: 226173 ns
[2022-03-22T20:36:26.997+0000][7][safepoint   ] Safepoint "ICBufferFull", Time since last: 23852335 ns, Reaching safepoint: 302225 ns, At safepoint: 4689 ns, Total: 306914 ns
[2022-03-22T20:36:27.456+0000][7][gc,start    ] GC(3) Pause Young (Normal) (G1 Evacuation Pause)
[2022-03-22T20:36:27.456+0000][7][gc,task     ] GC(3) Using 12 workers of 18 for evacuation
[2022-03-22T20:36:27.456+0000][7][gc,age      ] GC(3) Desired survivor size 18874368 bytes, new threshold 15 (max threshold 15)
[2022-03-22T20:36:27.462+0000][7][gc,age      ] GC(3) Age table with threshold 15 (max threshold 15)
[2022-03-22T20:36:27.462+0000][7][gc,age      ] GC(3) - age   1:    5165080 bytes,    5165080 total
[2022-03-22T20:36:27.463+0000][7][gc,age      ] GC(3) - age   2:    1309816 bytes,    6474896 total
[2022-03-22T20:36:27.463+0000][7][gc,age      ] GC(3) - age   3:    2041424 bytes,    8516320 total
[2022-03-22T20:36:27.463+0000][7][gc,phases   ] GC(3)   Pre Evacuate Collection Set: 0.3ms
[2022-03-22T20:36:27.463+0000][7][gc,phases   ] GC(3)   Merge Heap Roots: 0.3ms
[2022-03-22T20:36:27.463+0000][7][gc,phases   ] GC(3)   Evacuate Collection Set: 3.7ms
[2022-03-22T20:36:27.463+0000][7][gc,phases   ] GC(3)   Post Evacuate Collection Set: 1.3ms
[2022-03-22T20:36:27.464+0000][7][gc,phases   ] GC(3)   Other: 1.7ms
[2022-03-22T20:36:27.464+0000][7][gc,heap     ] GC(3) Eden regions: 71->0(73)
[2022-03-22T20:36:27.464+0000][7][gc,heap     ] GC(3) Survivor regions: 1->3(9)
[2022-03-22T20:36:27.464+0000][7][gc,heap     ] GC(3) Old regions: 2->2
[2022-03-22T20:36:27.464+0000][7][gc,heap     ] GC(3) Archive regions: 2->2
[2022-03-22T20:36:27.464+0000][7][gc,heap     ] GC(3) Humongous regions: 0->0
[2022-03-22T20:36:27.465+0000][7][gc,metaspace] GC(3) Metaspace: 18814K(19136K)->18814K(19136K) NonClass: 16591K(16768K)->16591K(16768K) Class: 2222K(2368K)->2222K(2368K)
[2022-03-22T20:36:27.465+0000][7][gc          ] GC(3) Pause Young (Normal) (G1 Evacuation Pause) 295M->16M(512M) 8.913ms
[2022-03-22T20:36:27.465+0000][7][gc,cpu      ] GC(3) User=0.08s Sys=0.03s Real=0.01s
[2022-03-22T20:36:27.465+0000][7][safepoint   ] Safepoint "G1CollectForAllocation", Time since last: 458917516 ns, Reaching safepoint: 270245 ns, At safepoint: 9427997 ns, Total: 9698242 ns
[2022-03-22T20:36:27.791+0000][7][gc,start    ] GC(4) Pause Young (Normal) (G1 Evacuation Pause)
[2022-03-22T20:36:27.791+0000][7][gc,task     ] GC(4) Using 12 workers of 18 for evacuation
[2022-03-22T20:36:27.791+0000][7][gc,age      ] GC(4) Desired survivor size 20971520 bytes, new threshold 15 (max threshold 15)
[2022-03-22T20:36:27.798+0000][7][gc,age      ] GC(4) Age table with threshold 15 (max threshold 15)
[2022-03-22T20:36:27.798+0000][7][gc,age      ] GC(4) - age   1:    4389464 bytes,    4389464 total
[2022-03-22T20:36:27.799+0000][7][gc,age      ] GC(4) - age   2:    4859120 bytes,    9248584 total
[2022-03-22T20:36:27.799+0000][7][gc,age      ] GC(4) - age   3:    1309816 bytes,   10558400 total
[2022-03-22T20:36:27.799+0000][7][gc,age      ] GC(4) - age   4:    2041424 bytes,   12599824 total
[2022-03-22T20:36:27.799+0000][7][gc,phases   ] GC(4)   Pre Evacuate Collection Set: 0.2ms
[2022-03-22T20:36:27.799+0000][7][gc,phases   ] GC(4)   Merge Heap Roots: 0.2ms
[2022-03-22T20:36:27.799+0000][7][gc,phases   ] GC(4)   Evacuate Collection Set: 4.7ms
[2022-03-22T20:36:27.799+0000][7][gc,phases   ] GC(4)   Post Evacuate Collection Set: 1.3ms
[2022-03-22T20:36:27.800+0000][7][gc,phases   ] GC(4)   Other: 1.9ms
[2022-03-22T20:36:27.800+0000][7][gc,heap     ] GC(4) Eden regions: 73->0(72)
[2022-03-22T20:36:27.800+0000][7][gc,heap     ] GC(4) Survivor regions: 3->4(10)
[2022-03-22T20:36:27.800+0000][7][gc,heap     ] GC(4) Old regions: 2->2
[2022-03-22T20:36:27.800+0000][7][gc,heap     ] GC(4) Archive regions: 2->2
[2022-03-22T20:36:27.800+0000][7][gc,heap     ] GC(4) Humongous regions: 0->0
[2022-03-22T20:36:27.801+0000][7][gc,metaspace] GC(4) Metaspace: 19575K(19968K)->19575K(19968K) NonClass: 17243K(17472K)->17243K(17472K) Class: 2332K(2496K)->2332K(2496K)
[2022-03-22T20:36:27.801+0000][7][gc          ] GC(4) Pause Young (Normal) (G1 Evacuation Pause) 308M->20M(512M) 10.158ms
[2022-03-22T20:36:27.801+0000][7][gc,cpu      ] GC(4) User=0.06s Sys=0.02s Real=0.01s
[2022-03-22T20:36:27.801+0000][7][safepoint   ] Safepoint "G1CollectForAllocation", Time since last: 325200919 ns, Reaching safepoint: 268031 ns, At safepoint: 10693035 ns, Total: 10961066 ns
[2022-03-22T20:36:28.073+0000][7][gc,start    ] GC(5) Pause Young (Normal) (G1 Evacuation Pause)
[2022-03-22T20:36:28.073+0000][7][gc,task     ] GC(5) Using 12 workers of 18 for evacuation
[2022-03-22T20:36:28.074+0000][7][gc,age      ] GC(5) Desired survivor size 20971520 bytes, new threshold 15 (max threshold 15)
[2022-03-22T20:36:28.079+0000][7][gc,age      ] GC(5) Age table with threshold 15 (max threshold 15)
[2022-03-22T20:36:28.080+0000][7][gc,age      ] GC(5) - age   1:    1395632 bytes,    1395632 total
[2022-03-22T20:36:28.080+0000][7][gc,age      ] GC(5) - age   2:    2728920 bytes,    4124552 total
[2022-03-22T20:36:28.080+0000][7][gc,age      ] GC(5) - age   3:    4858752 bytes,    8983304 total
[2022-03-22T20:36:28.080+0000][7][gc,age      ] GC(5) - age   4:    1302392 bytes,   10285696 total
[2022-03-22T20:36:28.080+0000][7][gc,age      ] GC(5) - age   5:    2041424 bytes,   12327120 total
[2022-03-22T20:36:28.080+0000][7][gc,phases   ] GC(5)   Pre Evacuate Collection Set: 0.2ms
[2022-03-22T20:36:28.081+0000][7][gc,phases   ] GC(5)   Merge Heap Roots: 0.2ms
[2022-03-22T20:36:28.081+0000][7][gc,phases   ] GC(5)   Evacuate Collection Set: 3.7ms
[2022-03-22T20:36:28.081+0000][7][gc,phases   ] GC(5)   Post Evacuate Collection Set: 1.2ms
[2022-03-22T20:36:28.081+0000][7][gc,phases   ] GC(5)   Other: 1.9ms
[2022-03-22T20:36:28.081+0000][7][gc,heap     ] GC(5) Eden regions: 72->0(72)
[2022-03-22T20:36:28.081+0000][7][gc,heap     ] GC(5) Survivor regions: 4->4(10)
[2022-03-22T20:36:28.082+0000][7][gc,heap     ] GC(5) Old regions: 2->2
[2022-03-22T20:36:28.082+0000][7][gc,heap     ] GC(5) Archive regions: 2->2
[2022-03-22T20:36:28.082+0000][7][gc,heap     ] GC(5) Humongous regions: 0->0
[2022-03-22T20:36:28.082+0000][7][gc,metaspace] GC(5) Metaspace: 20241K(20672K)->20241K(20672K) NonClass: 17808K(18048K)->17808K(18048K) Class: 2432K(2624K)->2432K(2624K)
[2022-03-22T20:36:28.082+0000][7][gc          ] GC(5) Pause Young (Normal) (G1 Evacuation Pause) 308M->20M(512M) 9.085ms
[2022-03-22T20:36:28.082+0000][7][gc,cpu      ] GC(5) User=0.03s Sys=0.01s Real=0.01s
[2022-03-22T20:36:28.083+0000][7][safepoint   ] Safepoint "G1CollectForAllocation", Time since last: 271523700 ns, Reaching safepoint: 254236 ns, At safepoint: 9425291 ns, Total: 9679527 ns
[2022-03-22T20:36:28.274+0000][7][gc,start    ] GC(6) Pause Young (Concurrent Start) (Metadata GC Threshold)
[2022-03-22T20:36:28.275+0000][7][gc,task     ] GC(6) Using 12 workers of 18 for evacuation
[2022-03-22T20:36:28.275+0000][7][gc,age      ] GC(6) Desired survivor size 20971520 bytes, new threshold 15 (max threshold 15)
[2022-03-22T20:36:28.281+0000][7][gc,age      ] GC(6) Age table with threshold 15 (max threshold 15)
[2022-03-22T20:36:28.281+0000][7][gc,age      ] GC(6) - age   1:    1725352 bytes,    1725352 total
[2022-03-22T20:36:28.282+0000][7][gc,age      ] GC(6) - age   2:     769384 bytes,    2494736 total
[2022-03-22T20:36:28.282+0000][7][gc,age      ] GC(6) - age   3:    2727880 bytes,    5222616 total
[2022-03-22T20:36:28.282+0000][7][gc,age      ] GC(6) - age   4:    4858520 bytes,   10081136 total
[2022-03-22T20:36:28.282+0000][7][gc,age      ] GC(6) - age   5:    1302248 bytes,   11383384 total
[2022-03-22T20:36:28.283+0000][7][gc,age      ] GC(6) - age   6:    2041392 bytes,   13424776 total
[2022-03-22T20:36:28.283+0000][7][gc,phases   ] GC(6)   Pre Evacuate Collection Set: 0.3ms
[2022-03-22T20:36:28.283+0000][7][gc,phases   ] GC(6)   Merge Heap Roots: 0.2ms
[2022-03-22T20:36:28.283+0000][7][gc,phases   ] GC(6)   Evacuate Collection Set: 4.1ms
[2022-03-22T20:36:28.283+0000][7][gc,phases   ] GC(6)   Post Evacuate Collection Set: 1.3ms
[2022-03-22T20:36:28.284+0000][7][gc,phases   ] GC(6)   Other: 2.6ms
[2022-03-22T20:36:28.284+0000][7][gc,heap     ] GC(6) Eden regions: 52->0(72)
[2022-03-22T20:36:28.284+0000][7][gc,heap     ] GC(6) Survivor regions: 4->4(10)
[2022-03-22T20:36:28.284+0000][7][gc,heap     ] GC(6) Old regions: 2->2
[2022-03-22T20:36:28.284+0000][7][gc,heap     ] GC(6) Archive regions: 2->2
[2022-03-22T20:36:28.284+0000][7][gc,heap     ] GC(6) Humongous regions: 0->0
[2022-03-22T20:36:28.285+0000][7][gc,metaspace] GC(6) Metaspace: 20836K(21248K)->20836K(21248K) NonClass: 18328K(18560K)->18328K(18560K) Class: 2508K(2688K)->2508K(2688K)
[2022-03-22T20:36:28.285+0000][7][gc          ] GC(6) Pause Young (Concurrent Start) (Metadata GC Threshold) 228M->21M(512M) 10.399ms
[2022-03-22T20:36:28.285+0000][7][gc,cpu      ] GC(6) User=0.03s Sys=0.02s Real=0.01s
[2022-03-22T20:36:28.285+0000][7][gc          ] GC(7) Concurrent Mark Cycle
[2022-03-22T20:36:28.285+0000][7][safepoint   ] Safepoint "CollectForMetadataAllocation", Time since last: 191465396 ns, Reaching safepoint: 279975 ns, At safepoint: 10834588 ns, Total: 11114563 ns
[2022-03-22T20:36:28.285+0000][7][gc,marking  ] GC(7) Concurrent Clear Claimed Marks
[2022-03-22T20:36:28.286+0000][7][gc,marking  ] GC(7) Concurrent Clear Claimed Marks 0.374ms
[2022-03-22T20:36:28.286+0000][7][gc,marking  ] GC(7) Concurrent Scan Root Regions
[2022-03-22T20:36:28.288+0000][7][gc,marking  ] GC(7) Concurrent Scan Root Regions 2.472ms
[2022-03-22T20:36:28.288+0000][7][gc,marking  ] GC(7) Concurrent Mark
[2022-03-22T20:36:28.289+0000][7][gc,marking  ] GC(7) Concurrent Mark From Roots
[2022-03-22T20:36:28.289+0000][7][gc,task     ] GC(7) Using 5 workers of 5 for marking
[2022-03-22T20:36:28.292+0000][7][gc,marking  ] GC(7) Concurrent Mark From Roots 3.762ms
[2022-03-22T20:36:28.293+0000][7][gc,marking  ] GC(7) Concurrent Preclean
[2022-03-22T20:36:28.293+0000][7][gc,marking  ] GC(7) Concurrent Preclean 0.311ms
[2022-03-22T20:36:28.294+0000][7][gc,start    ] GC(7) Pause Remark
[2022-03-22T20:36:28.297+0000][7][gc          ] GC(7) Pause Remark 23M->23M(512M) 3.151ms
[2022-03-22T20:36:28.297+0000][7][gc,cpu      ] GC(7) User=0.02s Sys=0.00s Real=0.00s
[2022-03-22T20:36:28.297+0000][7][safepoint   ] Safepoint "G1Concurrent", Time since last: 8083811 ns, Reaching safepoint: 331360 ns, At safepoint: 3825370 ns, Total: 4156730 ns
[2022-03-22T20:36:28.298+0000][7][gc,marking  ] GC(7) Concurrent Mark 9.289ms
[2022-03-22T20:36:28.298+0000][7][gc,marking  ] GC(7) Concurrent Rebuild Remembered Sets
[2022-03-22T20:36:28.300+0000][7][gc,marking  ] GC(7) Concurrent Rebuild Remembered Sets 2.336ms
[2022-03-22T20:36:28.301+0000][7][gc,start    ] GC(7) Pause Cleanup
[2022-03-22T20:36:28.302+0000][7][gc          ] GC(7) Pause Cleanup 23M->23M(512M) 0.632ms
[2022-03-22T20:36:28.302+0000][7][gc,cpu      ] GC(7) User=0.00s Sys=0.00s Real=0.00s
[2022-03-22T20:36:28.302+0000][7][safepoint   ] Safepoint "G1Concurrent", Time since last: 3251947 ns, Reaching safepoint: 400099 ns, At safepoint: 1153388 ns, Total: 1553487 ns
[2022-03-22T20:36:28.302+0000][7][gc,marking  ] GC(7) Concurrent Cleanup for Next Mark
[2022-03-22T20:36:28.304+0000][7][gc,marking  ] GC(7) Concurrent Cleanup for Next Mark 1.782ms
[2022-03-22T20:36:28.305+0000][7][gc          ] GC(7) Concurrent Mark Cycle 19.511ms
[2022-03-22T20:36:28.567+0000][7][gc,start    ] GC(8) Pause Young (Normal) (G1 Evacuation Pause)
[2022-03-22T20:36:28.567+0000][7][gc,task     ] GC(8) Using 12 workers of 18 for evacuation
[2022-03-22T20:36:28.567+0000][7][gc,age      ] GC(8) Desired survivor size 20971520 bytes, new threshold 15 (max threshold 15)
[2022-03-22T20:36:28.574+0000][7][gc,age      ] GC(8) Age table with threshold 15 (max threshold 15)
[2022-03-22T20:36:28.574+0000][7][gc,age      ] GC(8) - age   1:    1158440 bytes,    1158440 total
[2022-03-22T20:36:28.574+0000][7][gc,age      ] GC(8) - age   2:    1695600 bytes,    2854040 total
[2022-03-22T20:36:28.574+0000][7][gc,age      ] GC(8) - age   3:     767240 bytes,    3621280 total
[2022-03-22T20:36:28.575+0000][7][gc,age      ] GC(8) - age   4:    2727880 bytes,    6349160 total
[2022-03-22T20:36:28.575+0000][7][gc,age      ] GC(8) - age   5:    4858024 bytes,   11207184 total
[2022-03-22T20:36:28.575+0000][7][gc,age      ] GC(8) - age   6:    1301304 bytes,   12508488 total
[2022-03-22T20:36:28.575+0000][7][gc,age      ] GC(8) - age   7:    2038720 bytes,   14547208 total
[2022-03-22T20:36:28.575+0000][7][gc,phases   ] GC(8)   Pre Evacuate Collection Set: 0.2ms
[2022-03-22T20:36:28.575+0000][7][gc,phases   ] GC(8)   Merge Heap Roots: 0.2ms
[2022-03-22T20:36:28.575+0000][7][gc,phases   ] GC(8)   Evacuate Collection Set: 4.4ms
[2022-03-22T20:36:28.576+0000][7][gc,phases   ] GC(8)   Post Evacuate Collection Set: 1.3ms
[2022-03-22T20:36:28.576+0000][7][gc,phases   ] GC(8)   Other: 2.2ms
[2022-03-22T20:36:28.576+0000][7][gc,heap     ] GC(8) Eden regions: 72->0(72)
[2022-03-22T20:36:28.576+0000][7][gc,heap     ] GC(8) Survivor regions: 4->4(10)
[2022-03-22T20:36:28.577+0000][7][gc,heap     ] GC(8) Old regions: 2->2
[2022-03-22T20:36:28.577+0000][7][gc,heap     ] GC(8) Archive regions: 2->2
[2022-03-22T20:36:28.577+0000][7][gc,heap     ] GC(8) Humongous regions: 0->0
[2022-03-22T20:36:28.577+0000][7][gc,metaspace] GC(8) Metaspace: 21489K(22016K)->21489K(22016K) NonClass: 18889K(19200K)->18889K(19200K) Class: 2600K(2816K)->2600K(2816K)
[2022-03-22T20:36:28.577+0000][7][gc          ] GC(8) Pause Young (Normal) (G1 Evacuation Pause) 309M->23M(512M) 10.341ms
[2022-03-22T20:36:28.577+0000][7][gc,cpu      ] GC(8) User=0.05s Sys=0.00s Real=0.01s
[2022-03-22T20:36:28.578+0000][7][safepoint   ] Safepoint "G1CollectForAllocation", Time since last: 264414104 ns, Reaching safepoint: 256600 ns, At safepoint: 10738981 ns, Total: 10995581 ns
[2022-03-22T20:36:29.184+0000][7][safepoint   ] Safepoint "ICBufferFull", Time since last: 606193933 ns, Reaching safepoint: 244738 ns, At safepoint: 4428 ns, Total: 249166 ns
[2022-03-22T20:36:29.437+0000][7][safepoint   ] Safepoint "ICBufferFull", Time since last: 252554286 ns, Reaching safepoint: 448119 ns, At safepoint: 16882 ns, Total: 465001 ns
[2022-03-22T20:36:29.625+0000][7][gc,start    ] GC(9) Pause Young (Normal) (G1 Evacuation Pause)
[2022-03-22T20:36:29.626+0000][7][gc,task     ] GC(9) Using 12 workers of 18 for evacuation
[2022-03-22T20:36:29.626+0000][7][gc,age      ] GC(9) Desired survivor size 20971520 bytes, new threshold 15 (max threshold 15)
[2022-03-22T20:36:29.640+0000][7][gc,age      ] GC(9) Age table with threshold 15 (max threshold 15)
[2022-03-22T20:36:29.640+0000][7][gc,age      ] GC(9) - age   1:   10810376 bytes,   10810376 total
[2022-03-22T20:36:29.641+0000][7][gc,age      ] GC(9) - age   2:    1105384 bytes,   11915760 total
[2022-03-22T20:36:29.641+0000][7][gc,age      ] GC(9) - age   3:    1686752 bytes,   13602512 total
[2022-03-22T20:36:29.641+0000][7][gc,age      ] GC(9) - age   4:     752472 bytes,   14354984 total
[2022-03-22T20:36:29.641+0000][7][gc,age      ] GC(9) - age   5:    2709064 bytes,   17064048 total
[2022-03-22T20:36:29.641+0000][7][gc,age      ] GC(9) - age   6:    4815408 bytes,   21879456 total
[2022-03-22T20:36:29.641+0000][7][gc,age      ] GC(9) - age   7:    1256752 bytes,   23136208 total
[2022-03-22T20:36:29.642+0000][7][gc,age      ] GC(9) - age   8:    2030192 bytes,   25166400 total
[2022-03-22T20:36:29.642+0000][7][gc,phases   ] GC(9)   Pre Evacuate Collection Set: 0.3ms
[2022-03-22T20:36:29.642+0000][7][gc,phases   ] GC(9)   Merge Heap Roots: 0.3ms
[2022-03-22T20:36:29.642+0000][7][gc,phases   ] GC(9)   Evacuate Collection Set: 10.6ms
[2022-03-22T20:36:29.642+0000][7][gc,phases   ] GC(9)   Post Evacuate Collection Set: 2.7ms
[2022-03-22T20:36:29.642+0000][7][gc,phases   ] GC(9)   Other: 2.6ms
[2022-03-22T20:36:29.643+0000][7][gc,heap     ] GC(9) Eden regions: 72->0(69)
[2022-03-22T20:36:29.643+0000][7][gc,heap     ] GC(9) Survivor regions: 4->7(10)
[2022-03-22T20:36:29.643+0000][7][gc,heap     ] GC(9) Old regions: 2->2
[2022-03-22T20:36:29.643+0000][7][gc,heap     ] GC(9) Archive regions: 2->2
[2022-03-22T20:36:29.643+0000][7][gc,heap     ] GC(9) Humongous regions: 0->0
[2022-03-22T20:36:29.643+0000][7][gc,metaspace] GC(9) Metaspace: 30778K(31616K)->30778K(31616K) NonClass: 26963K(27456K)->26963K(27456K) Class: 3815K(4160K)->3815K(4160K)
[2022-03-22T20:36:29.643+0000][7][gc          ] GC(9) Pause Young (Normal) (G1 Evacuation Pause) 311M->33M(512M) 18.060ms
[2022-03-22T20:36:29.644+0000][7][gc,cpu      ] GC(9) User=0.22s Sys=0.00s Real=0.02s
[2022-03-22T20:36:29.644+0000][7][safepoint   ] Safepoint "G1CollectForAllocation", Time since last: 187899962 ns, Reaching safepoint: 408975 ns, At safepoint: 18604583 ns, Total: 19013558 ns
[2022-03-22T20:36:30.574+0000][7][safepoint   ] Safepoint "ICBufferFull", Time since last: 930079819 ns, Reaching safepoint: 275596 ns, At safepoint: 61465 ns, Total: 337061 ns
[2022-03-22T20:36:30.796+0000][7][gc,start    ] GC(10) Pause Young (Concurrent Start) (Metadata GC Threshold)
[2022-03-22T20:36:30.796+0000][7][gc,task     ] GC(10) Using 12 workers of 18 for evacuation
[2022-03-22T20:36:30.797+0000][7][gc,age      ] GC(10) Desired survivor size 20971520 bytes, new threshold 6 (max threshold 15)
[2022-03-22T20:36:30.817+0000][7][gc,age      ] GC(10) Age table with threshold 6 (max threshold 15)
[2022-03-22T20:36:30.817+0000][7][gc,age      ] GC(10) - age   1:   25160688 bytes,   25160688 total
[2022-03-22T20:36:30.817+0000][7][gc,age      ] GC(10) - age   2:   10495208 bytes,   35655896 total
[2022-03-22T20:36:30.818+0000][7][gc,age      ] GC(10) - age   3:    1104568 bytes,   36760464 total
[2022-03-22T20:36:30.818+0000][7][gc,age      ] GC(10) - age   4:    1686656 bytes,   38447120 total
[2022-03-22T20:36:30.818+0000][7][gc,age      ] GC(10) - age   5:     741352 bytes,   39188472 total
[2022-03-22T20:36:30.818+0000][7][gc,age      ] GC(10) - age   6:    2705616 bytes,   41894088 total
[2022-03-22T20:36:30.818+0000][7][gc,phases   ] GC(10)   Pre Evacuate Collection Set: 0.4ms
[2022-03-22T20:36:30.819+0000][7][gc,phases   ] GC(10)   Merge Heap Roots: 0.2ms
[2022-03-22T20:36:30.819+0000][7][gc,phases   ] GC(10)   Evacuate Collection Set: 17.1ms
[2022-03-22T20:36:30.819+0000][7][gc,phases   ] GC(10)   Post Evacuate Collection Set: 2.3ms
[2022-03-22T20:36:30.819+0000][7][gc,phases   ] GC(10)   Other: 2.3ms
[2022-03-22T20:36:30.819+0000][7][gc,heap     ] GC(10) Eden regions: 55->0(66)
[2022-03-22T20:36:30.819+0000][7][gc,heap     ] GC(10) Survivor regions: 7->10(10)
[2022-03-22T20:36:30.820+0000][7][gc,heap     ] GC(10) Old regions: 2->4
[2022-03-22T20:36:30.820+0000][7][gc,heap     ] GC(10) Archive regions: 2->2
[2022-03-22T20:36:30.820+0000][7][gc,heap     ] GC(10) Humongous regions: 0->0
[2022-03-22T20:36:30.820+0000][7][gc,metaspace] GC(10) Metaspace: 34915K(35776K)->34915K(35776K) NonClass: 30445K(30912K)->30445K(30912K) Class: 4469K(4864K)->4469K(4864K)
[2022-03-22T20:36:30.820+0000][7][gc          ] GC(10) Pause Young (Concurrent Start) (Metadata GC Threshold) 251M->59M(512M) 24.059ms
[2022-03-22T20:36:30.820+0000][7][gc,cpu      ] GC(10) User=0.23s Sys=0.01s Real=0.02s
[2022-03-22T20:36:30.821+0000][7][gc          ] GC(11) Concurrent Mark Cycle
[2022-03-22T20:36:30.821+0000][7][safepoint   ] Safepoint "CollectForMetadataAllocation", Time since last: 221430723 ns, Reaching safepoint: 265607 ns, At safepoint: 24656439 ns, Total: 24922046 ns
[2022-03-22T20:36:30.821+0000][7][gc,marking  ] GC(11) Concurrent Clear Claimed Marks
[2022-03-22T20:36:30.822+0000][7][gc,marking  ] GC(11) Concurrent Clear Claimed Marks 0.715ms
[2022-03-22T20:36:30.822+0000][7][gc,marking  ] GC(11) Concurrent Scan Root Regions
[2022-03-22T20:36:30.829+0000][7][gc,marking  ] GC(11) Concurrent Scan Root Regions 6.791ms
[2022-03-22T20:36:30.829+0000][7][gc,marking  ] GC(11) Concurrent Mark
[2022-03-22T20:36:30.829+0000][7][gc,marking  ] GC(11) Concurrent Mark From Roots
[2022-03-22T20:36:30.829+0000][7][gc,task     ] GC(11) Using 5 workers of 5 for marking
[2022-03-22T20:36:30.832+0000][7][gc,marking  ] GC(11) Concurrent Mark From Roots 3.235ms
[2022-03-22T20:36:30.833+0000][7][gc,marking  ] GC(11) Concurrent Preclean
[2022-03-22T20:36:30.833+0000][7][gc,marking  ] GC(11) Concurrent Preclean 0.277ms
[2022-03-22T20:36:30.833+0000][7][gc,start    ] GC(11) Pause Remark
[2022-03-22T20:36:30.837+0000][7][gc          ] GC(11) Pause Remark 61M->61M(512M) 3.045ms
[2022-03-22T20:36:30.837+0000][7][gc,cpu      ] GC(11) User=0.01s Sys=0.00s Real=0.00s
[2022-03-22T20:36:30.837+0000][7][safepoint   ] Safepoint "G1Concurrent", Time since last: 12430807 ns, Reaching safepoint: 333124 ns, At safepoint: 3514127 ns, Total: 3847251 ns
[2022-03-22T20:36:30.837+0000][7][gc,marking  ] GC(11) Concurrent Mark 8.163ms
[2022-03-22T20:36:30.837+0000][7][gc,marking  ] GC(11) Concurrent Rebuild Remembered Sets
[2022-03-22T20:36:30.842+0000][7][gc,marking  ] GC(11) Concurrent Rebuild Remembered Sets 4.568ms
[2022-03-22T20:36:30.843+0000][7][gc,start    ] GC(11) Pause Cleanup
[2022-03-22T20:36:30.843+0000][7][gc          ] GC(11) Pause Cleanup 61M->61M(512M) 0.441ms
[2022-03-22T20:36:30.843+0000][7][gc,cpu      ] GC(11) User=0.00s Sys=0.00s Real=0.00s
[2022-03-22T20:36:30.844+0000][7][safepoint   ] Safepoint "G1Concurrent", Time since last: 5237773 ns, Reaching safepoint: 344535 ns, At safepoint: 949999 ns, Total: 1294534 ns
[2022-03-22T20:36:30.844+0000][7][gc,marking  ] GC(11) Concurrent Cleanup for Next Mark
[2022-03-22T20:36:30.845+0000][7][gc,marking  ] GC(11) Concurrent Cleanup for Next Mark 0.942ms
[2022-03-22T20:36:30.845+0000][7][gc          ] GC(11) Concurrent Mark Cycle 24.387ms
[2022-03-22T20:36:31.223+0000][7][safepoint   ] Safepoint "ICBufferFull", Time since last: 379138121 ns, Reaching safepoint: 367899 ns, At safepoint: 52227 ns, Total: 420126 ns
[2022-03-22T20:36:31.869+0000][7][safepoint   ] Safepoint "ICBufferFull", Time since last: 645716949 ns, Reaching safepoint: 369623 ns, At safepoint: 43411 ns, Total: 413034 ns
[2022-03-22T20:36:31.982+0000][7][gc,start    ] GC(12) Pause Young (Normal) (G1 Evacuation Pause)
[2022-03-22T20:36:31.983+0000][7][gc,task     ] GC(12) Using 12 workers of 18 for evacuation
[2022-03-22T20:36:31.983+0000][7][gc,age      ] GC(12) Desired survivor size 20971520 bytes, new threshold 1 (max threshold 15)
[2022-03-22T20:36:32.006+0000][7][gc,age      ] GC(12) Age table with threshold 1 (max threshold 15)
[2022-03-22T20:36:32.006+0000][7][gc,age      ] GC(12) - age   1:    6241192 bytes,    6241192 total
[2022-03-22T20:36:32.007+0000][7][gc,phases   ] GC(12)   Pre Evacuate Collection Set: 0.3ms
[2022-03-22T20:36:32.007+0000][7][gc,phases   ] GC(12)   Merge Heap Roots: 0.2ms
[2022-03-22T20:36:32.007+0000][7][gc,phases   ] GC(12)   Evacuate Collection Set: 19.3ms
[2022-03-22T20:36:32.008+0000][7][gc,phases   ] GC(12)   Post Evacuate Collection Set: 2.4ms
[2022-03-22T20:36:32.008+0000][7][gc,phases   ] GC(12)   Other: 2.6ms
[2022-03-22T20:36:32.008+0000][7][gc,heap     ] GC(12) Eden regions: 66->0(73)
[2022-03-22T20:36:32.008+0000][7][gc,heap     ] GC(12) Survivor regions: 10->3(10)
[2022-03-22T20:36:32.009+0000][7][gc,heap     ] GC(12) Old regions: 4->15
[2022-03-22T20:36:32.009+0000][7][gc,heap     ] GC(12) Archive regions: 2->2
[2022-03-22T20:36:32.009+0000][7][gc,heap     ] GC(12) Humongous regions: 0->0
[2022-03-22T20:36:32.009+0000][7][gc,metaspace] GC(12) Metaspace: 52265K(53376K)->52265K(53376K) NonClass: 45386K(46080K)->45386K(46080K) Class: 6879K(7296K)->6879K(7296K)
[2022-03-22T20:36:32.009+0000][7][gc          ] GC(12) Pause Young (Normal) (G1 Evacuation Pause) 323M->70M(512M) 27.227ms
[2022-03-22T20:36:32.010+0000][7][gc,cpu      ] GC(12) User=0.34s Sys=0.00s Real=0.02s
[2022-03-22T20:36:32.010+0000][7][safepoint   ] Safepoint "G1CollectForAllocation", Time since last: 112615892 ns, Reaching safepoint: 308548 ns, At safepoint: 27983067 ns, Total: 28291615 ns
[2022-03-22T20:36:32.273+0000][7][safepoint   ] Safepoint "ICBufferFull", Time since last: 261594907 ns, Reaching safepoint: 1326351 ns, At safepoint: 24827 ns, Total: 1351178 ns
[2022-03-22T20:36:32.788+0000][7][gc,start    ] GC(13) Pause Young (Concurrent Start) (Metadata GC Threshold)
[2022-03-22T20:36:32.788+0000][7][gc,task     ] GC(13) Using 12 workers of 18 for evacuation
[2022-03-22T20:36:32.788+0000][7][gc,age      ] GC(13) Desired survivor size 20971520 bytes, new threshold 15 (max threshold 15)
[2022-03-22T20:36:32.797+0000][7][gc,age      ] GC(13) Age table with threshold 15 (max threshold 15)
[2022-03-22T20:36:32.797+0000][7][gc,age      ] GC(13) - age   1:    3981056 bytes,    3981056 total
[2022-03-22T20:36:32.797+0000][7][gc,age      ] GC(13) - age   2:    6074544 bytes,   10055600 total
[2022-03-22T20:36:32.797+0000][7][gc,phases   ] GC(13)   Pre Evacuate Collection Set: 0.3ms
[2022-03-22T20:36:32.798+0000][7][gc,phases   ] GC(13)   Merge Heap Roots: 0.2ms
[2022-03-22T20:36:32.798+0000][7][gc,phases   ] GC(13)   Evacuate Collection Set: 5.2ms
[2022-03-22T20:36:32.798+0000][7][gc,phases   ] GC(13)   Post Evacuate Collection Set: 2.2ms
[2022-03-22T20:36:32.798+0000][7][gc,phases   ] GC(13)   Other: 1.5ms
[2022-03-22T20:36:32.798+0000][7][gc,heap     ] GC(13) Eden regions: 28->0(73)
[2022-03-22T20:36:32.798+0000][7][gc,heap     ] GC(13) Survivor regions: 3->3(10)
[2022-03-22T20:36:32.799+0000][7][gc,heap     ] GC(13) Old regions: 15->15
[2022-03-22T20:36:32.799+0000][7][gc,heap     ] GC(13) Archive regions: 2->2
[2022-03-22T20:36:32.799+0000][7][gc,heap     ] GC(13) Humongous regions: 0->0
[2022-03-22T20:36:32.799+0000][7][gc,metaspace] GC(13) Metaspace: 58942K(60096K)->58942K(60096K) NonClass: 51152K(51776K)->51152K(51776K) Class: 7790K(8320K)->7790K(8320K)
[2022-03-22T20:36:32.799+0000][7][gc          ] GC(13) Pause Young (Concurrent Start) (Metadata GC Threshold) 180M->71M(512M) 11.356ms
[2022-03-22T20:36:32.799+0000][7][gc,cpu      ] GC(13) User=0.06s Sys=0.00s Real=0.01s
[2022-03-22T20:36:32.800+0000][7][gc          ] GC(14) Concurrent Mark Cycle
[2022-03-22T20:36:32.800+0000][7][safepoint   ] Safepoint "CollectForMetadataAllocation", Time since last: 514438014 ns, Reaching safepoint: 340176 ns, At safepoint: 11787423 ns, Total: 12127599 ns
[2022-03-22T20:36:32.800+0000][7][gc,marking  ] GC(14) Concurrent Clear Claimed Marks
[2022-03-22T20:36:32.800+0000][7][gc,marking  ] GC(14) Concurrent Clear Claimed Marks 0.396ms
[2022-03-22T20:36:32.800+0000][7][gc,marking  ] GC(14) Concurrent Scan Root Regions
[2022-03-22T20:36:32.804+0000][7][gc,marking  ] GC(14) Concurrent Scan Root Regions 3.333ms
[2022-03-22T20:36:32.804+0000][7][gc,marking  ] GC(14) Concurrent Mark
[2022-03-22T20:36:32.804+0000][7][gc,marking  ] GC(14) Concurrent Mark From Roots
[2022-03-22T20:36:32.804+0000][7][gc,task     ] GC(14) Using 5 workers of 5 for marking
[2022-03-22T20:36:32.822+0000][7][gc,marking  ] GC(14) Concurrent Mark From Roots 17.347ms
[2022-03-22T20:36:32.822+0000][7][gc,marking  ] GC(14) Concurrent Preclean
[2022-03-22T20:36:32.823+0000][7][gc,marking  ] GC(14) Concurrent Preclean 0.592ms
[2022-03-22T20:36:32.824+0000][7][gc,start    ] GC(14) Pause Remark
[2022-03-22T20:36:32.827+0000][7][gc          ] GC(14) Pause Remark 77M->77M(512M) 3.478ms
[2022-03-22T20:36:32.828+0000][7][gc,cpu      ] GC(14) User=0.02s Sys=0.00s Real=0.00s
[2022-03-22T20:36:32.828+0000][7][safepoint   ] Safepoint "G1Concurrent", Time since last: 23164476 ns, Reaching safepoint: 930702 ns, At safepoint: 3984610 ns, Total: 4915312 ns
[2022-03-22T20:36:32.828+0000][7][gc,marking  ] GC(14) Concurrent Mark 23.955ms
[2022-03-22T20:36:32.828+0000][7][gc,marking  ] GC(14) Concurrent Rebuild Remembered Sets
[2022-03-22T20:36:32.848+0000][7][gc,marking  ] GC(14) Concurrent Rebuild Remembered Sets 19.608ms
[2022-03-22T20:36:32.849+0000][7][gc,start    ] GC(14) Pause Cleanup
[2022-03-22T20:36:32.849+0000][7][gc          ] GC(14) Pause Cleanup 81M->81M(512M) 0.499ms
[2022-03-22T20:36:32.849+0000][7][gc,cpu      ] GC(14) User=0.00s Sys=0.00s Real=0.00s
[2022-03-22T20:36:32.850+0000][7][safepoint   ] Safepoint "G1Concurrent", Time since last: 20504527 ns, Reaching safepoint: 365034 ns, At safepoint: 969785 ns, Total: 1334819 ns
[2022-03-22T20:36:32.850+0000][7][gc,marking  ] GC(14) Concurrent Cleanup for Next Mark
[2022-03-22T20:36:32.851+0000][7][gc,marking  ] GC(14) Concurrent Cleanup for Next Mark 1.021ms
[2022-03-22T20:36:32.851+0000][7][gc          ] GC(14) Concurrent Mark Cycle 51.413ms
[2022-03-22T20:36:33.960+0000][7][safepoint   ] Safepoint "ICBufferFull", Time since last: 1109856849 ns, Reaching safepoint: 580026 ns, At safepoint: 48200 ns, Total: 628226 ns
[2022-03-22T20:36:34.492+0000][7][safepoint   ] Safepoint "ICBufferFull", Time since last: 531596940 ns, Reaching safepoint: 263203 ns, At safepoint: 21670 ns, Total: 284873 ns
[2022-03-22T20:36:35.040+0000][7][safepoint   ] Safepoint "ICBufferFull", Time since last: 547745825 ns, Reaching safepoint: 265136 ns, At safepoint: 63920 ns, Total: 329056 ns
[2022-03-22T20:36:35.641+0000][7][gc,start    ] GC(15) Pause Young (Normal) (G1 Evacuation Pause)
[2022-03-22T20:36:35.641+0000][7][gc,task     ] GC(15) Using 12 workers of 18 for evacuation
[2022-03-22T20:36:35.641+0000][7][gc,age      ] GC(15) Desired survivor size 20971520 bytes, new threshold 15 (max threshold 15)
[2022-03-22T20:36:35.660+0000][7][gc,age      ] GC(15) Age table with threshold 15 (max threshold 15)
[2022-03-22T20:36:35.661+0000][7][gc,age      ] GC(15) - age   1:   13466456 bytes,   13466456 total
[2022-03-22T20:36:35.661+0000][7][gc,age      ] GC(15) - age   2:    3880624 bytes,   17347080 total
[2022-03-22T20:36:35.661+0000][7][gc,age      ] GC(15) - age   3:    6028368 bytes,   23375448 total
[2022-03-22T20:36:35.662+0000][7][gc,phases   ] GC(15)   Pre Evacuate Collection Set: 0.3ms
[2022-03-22T20:36:35.662+0000][7][gc,phases   ] GC(15)   Merge Heap Roots: 0.3ms
[2022-03-22T20:36:35.662+0000][7][gc,phases   ] GC(15)   Evacuate Collection Set: 15.2ms
[2022-03-22T20:36:35.662+0000][7][gc,phases   ] GC(15)   Post Evacuate Collection Set: 3.1ms
[2022-03-22T20:36:35.662+0000][7][gc,phases   ] GC(15)   Other: 2.4ms
[2022-03-22T20:36:35.663+0000][7][gc,heap     ] GC(15) Eden regions: 73->0(70)
[2022-03-22T20:36:35.663+0000][7][gc,heap     ] GC(15) Survivor regions: 3->6(10)
[2022-03-22T20:36:35.663+0000][7][gc,heap     ] GC(15) Old regions: 15->15
[2022-03-22T20:36:35.663+0000][7][gc,heap     ] GC(15) Archive regions: 2->2
[2022-03-22T20:36:35.663+0000][7][gc,heap     ] GC(15) Humongous regions: 0->0
[2022-03-22T20:36:35.663+0000][7][gc,metaspace] GC(15) Metaspace: 89196K(90560K)->89196K(90560K) NonClass: 77001K(77760K)->77001K(77760K) Class: 12194K(12800K)->12194K(12800K)
[2022-03-22T20:36:35.664+0000][7][gc          ] GC(15) Pause Young (Normal) (G1 Evacuation Pause) 363M->84M(512M) 22.906ms
[2022-03-22T20:36:35.664+0000][7][gc,cpu      ] GC(15) User=0.25s Sys=0.01s Real=0.03s
[2022-03-22T20:36:35.664+0000][7][safepoint   ] Safepoint "G1CollectForAllocation", Time since last: 600240260 ns, Reaching safepoint: 331150 ns, At safepoint: 23374059 ns, Total: 23705209 ns
[2022-03-22T20:36:36.679+0000][7][safepoint   ] Safepoint "Cleanup", Time since last: 1015088231 ns, Reaching safepoint: 306914 ns, At safepoint: 6913 ns, Total: 313827 ns
[2022-03-22T20:36:39.680+0000][7][safepoint   ] Safepoint "Cleanup", Time since last: 3000730847 ns, Reaching safepoint: 284212 ns, At safepoint: 6553 ns, Total: 290765 ns
[2022-03-22T20:36:42.682+0000][7][safepoint   ] Safepoint "Cleanup", Time since last: 3000844341 ns, Reaching safepoint: 347972 ns, At safepoint: 8215 ns, Total: 356187 ns
[2022-03-22T20:36:53.684+0000][7][safepoint   ] Safepoint "Cleanup", Time since last: 11001960178 ns, Reaching safepoint: 373650 ns, At safepoint: 9908 ns, Total: 383558 ns
[2022-03-22T20:36:54.685+0000][7][safepoint   ] Safepoint "Cleanup", Time since last: 1000684971 ns, Reaching safepoint: 319037 ns, At safepoint: 7224 ns, Total: 326261 ns
[2022-03-22T20:36:58.686+0000][7][safepoint   ] Safepoint "Cleanup", Time since last: 4001031792 ns, Reaching safepoint: 351638 ns, At safepoint: 7604 ns, Total: 359242 ns
[2022-03-22T20:37:00.687+0000][7][safepoint   ] Safepoint "Cleanup", Time since last: 2000628606 ns, Reaching safepoint: 338313 ns, At safepoint: 7394 ns, Total: 345707 ns
[2022-03-22T20:37:04.689+0000][7][safepoint   ] Safepoint "Cleanup", Time since last: 4000959215 ns, Reaching safepoint: 272941 ns, At safepoint: 5651 ns, Total: 278592 ns
[2022-03-22T20:37:05.689+0000][7][safepoint   ] Safepoint "Cleanup", Time since last: 1000527679 ns, Reaching safepoint: 357960 ns, At safepoint: 7323 ns, Total: 365283 ns
[2022-03-22T20:37:06.690+0000][7][safepoint   ] Safepoint "Cleanup", Time since last: 1000569715 ns, Reaching safepoint: 310612 ns, At safepoint: 7874 ns, Total: 318486 ns
[2022-03-22T20:37:20.693+0000][7][safepoint   ] Safepoint "Cleanup", Time since last: 14002351952 ns, Reaching safepoint: 309920 ns, At safepoint: 6212 ns, Total: 316132 ns
[2022-03-22T20:37:22.694+0000][7][safepoint   ] Safepoint "Cleanup", Time since last: 2000621082 ns, Reaching safepoint: 307175 ns, At safepoint: 8326 ns, Total: 315501 ns
[2022-03-22T20:37:28.695+0000][7][safepoint   ] Safepoint "Cleanup", Time since last: 6001081585 ns, Reaching safepoint: 372377 ns, At safepoint: 6262 ns, Total: 378639 ns
[2022-03-22T20:37:29.696+0000][7][safepoint   ] Safepoint "Cleanup", Time since last: 1000540961 ns, Reaching safepoint: 283060 ns, At safepoint: 6142 ns, Total: 289202 ns
[2022-03-22T20:37:30.697+0000][7][safepoint   ] Safepoint "Cleanup", Time since last: 1000474758 ns, Reaching safepoint: 284944 ns, At safepoint: 6261 ns, Total: 291205 ns
[2022-03-22T20:37:35.698+0000][7][safepoint   ] Safepoint "Cleanup", Time since last: 5001048062 ns, Reaching safepoint: 269054 ns, At safepoint: 6331 ns, Total: 275385 ns
[2022-03-22T20:37:45.700+0000][7][safepoint   ] Safepoint "Cleanup", Time since last: 10001732302 ns, Reaching safepoint: 271829 ns, At safepoint: 6823 ns, Total: 278652 ns
[2022-03-22T20:37:48.701+0000][7][safepoint   ] Safepoint "Cleanup", Time since last: 3000681576 ns, Reaching safepoint: 340016 ns, At safepoint: 7634 ns, Total: 347650 ns
[2022-03-22T20:37:54.703+0000][7][safepoint   ] Safepoint "Cleanup", Time since last: 6001230053 ns, Reaching safepoint: 265016 ns, At safepoint: 6782 ns, Total: 271798 ns
[2022-03-22T20:38:00.704+0000][7][safepoint   ] Safepoint "Cleanup", Time since last: 6001120167 ns, Reaching safepoint: 314218 ns, At safepoint: 6813 ns, Total: 321031 ns
[2022-03-22T20:38:15.707+0000][7][safepoint   ] Safepoint "Cleanup", Time since last: 15002492535 ns, Reaching safepoint: 313947 ns, At safepoint: 8065 ns, Total: 322012 ns
[2022-03-22T20:38:16.708+0000][7][safepoint   ] Safepoint "Cleanup", Time since last: 1000511177 ns, Reaching safepoint: 362941 ns, At safepoint: 26389 ns, Total: 389330 ns
[2022-03-22T20:38:17.709+0000][7][safepoint   ] Safepoint "Cleanup", Time since last: 1000511797 ns, Reaching safepoint: 397314 ns, At safepoint: 14978 ns, Total: 412292 ns
[2022-03-22T20:38:23.711+0000][7][safepoint   ] Safepoint "Cleanup", Time since last: 6001369423 ns, Reaching safepoint: 286867 ns, At safepoint: 6202 ns, Total: 293069 ns
[2022-03-22T20:38:30.712+0000][7][safepoint   ] Safepoint "Cleanup", Time since last: 7001231424 ns, Reaching safepoint: 301825 ns, At safepoint: 6622 ns, Total: 308447 ns
[2022-03-22T20:38:33.713+0000][7][safepoint   ] Safepoint "Cleanup", Time since last: 3000756736 ns, Reaching safepoint: 318206 ns, At safepoint: 20458 ns, Total: 338664 ns
[2022-03-22T20:38:35.714+0000][7][safepoint   ] Safepoint "Cleanup", Time since last: 2000611835 ns, Reaching safepoint: 310652 ns, At safepoint: 6312 ns, Total: 316964 ns
[2022-03-22T20:38:41.716+0000][7][safepoint   ] Safepoint "Cleanup", Time since last: 6001236484 ns, Reaching safepoint: 314248 ns, At safepoint: 7554 ns, Total: 321802 ns
[2022-03-22T20:38:42.717+0000][7][safepoint   ] Safepoint "Cleanup", Time since last: 1000475451 ns, Reaching safepoint: 329707 ns, At safepoint: 7324 ns, Total: 337031 ns
[2022-03-22T20:38:59.720+0000][7][safepoint   ] Safepoint "Cleanup", Time since last: 17002696145 ns, Reaching safepoint: 310411 ns, At safepoint: 10750 ns, Total: 321161 ns
[2022-03-22T20:39:01.720+0000][7][safepoint   ] Safepoint "Cleanup", Time since last: 2000592419 ns, Reaching safepoint: 270135 ns, At safepoint: 6783 ns, Total: 276918 ns
[2022-03-22T20:39:05.722+0000][7][safepoint   ] Safepoint "Cleanup", Time since last: 4000872533 ns, Reaching safepoint: 302546 ns, At safepoint: 5981 ns, Total: 308527 ns
[2022-03-22T20:39:09.723+0000][7][safepoint   ] Safepoint "Cleanup", Time since last: 4000825375 ns, Reaching safepoint: 289352 ns, At safepoint: 7634 ns, Total: 296986 ns
[2022-03-22T20:39:12.724+0000][7][safepoint   ] Safepoint "Cleanup", Time since last: 3000713265 ns, Reaching safepoint: 255909 ns, At safepoint: 7003 ns, Total: 262912 ns
[2022-03-22T20:39:19.725+0000][7][safepoint   ] Safepoint "Cleanup", Time since last: 7001246884 ns, Reaching safepoint: 316302 ns, At safepoint: 7594 ns, Total: 323896 ns
[2022-03-22T20:39:44.729+0000][7][safepoint   ] Safepoint "Cleanup", Time since last: 25003775947 ns, Reaching safepoint: 351999 ns, At safepoint: 8516 ns, Total: 360515 ns
[2022-03-22T20:39:46.730+0000][7][safepoint   ] Safepoint "Cleanup", Time since last: 2000792874 ns, Reaching safepoint: 265527 ns, At safepoint: 6021 ns, Total: 271548 ns
[2022-03-22T20:40:05.734+0000][7][safepoint   ] Safepoint "Cleanup", Time since last: 19002935715 ns, Reaching safepoint: 354223 ns, At safepoint: 6753 ns, Total: 360976 ns
[2022-03-22T20:40:13.736+0000][7][safepoint   ] Safepoint "Cleanup", Time since last: 8001448800 ns, Reaching safepoint: 448931 ns, At safepoint: 9608 ns, Total: 458539 ns
[2022-03-22T20:40:29.738+0000][7][safepoint   ] Safepoint "Cleanup", Time since last: 16002524765 ns, Reaching safepoint: 271348 ns, At safepoint: 5781 ns, Total: 277129 ns
[2022-03-22T20:41:12.744+0000][7][safepoint   ] Safepoint "Cleanup", Time since last: 43005266598 ns, Reaching safepoint: 321822 ns, At safepoint: 6652 ns, Total: 328474 ns
[2022-03-22T20:41:30.747+0000][7][safepoint   ] Safepoint "Cleanup", Time since last: 18002444507 ns, Reaching safepoint: 320661 ns, At safepoint: 9818 ns, Total: 330479 ns
[2022-03-22T20:41:39.105+0000][7][safepoint   ] Safepoint "Cleanup", Time since last: 8357925256 ns, Reaching safepoint: 366989 ns, At safepoint: 53360 ns, Total: 420349 ns
[2022-03-22T20:41:40.106+0000][7][safepoint   ] Safepoint "Cleanup", Time since last: 1000617483 ns, Reaching safepoint: 268623 ns, At safepoint: 6963 ns, Total: 275586 ns
[2022-03-22T20:41:54.584+0000][7][safepoint   ] Safepoint "Cleanup", Time since last: 14477357152 ns, Reaching safepoint: 313667 ns, At safepoint: 6532 ns, Total: 320199 ns
[2022-03-22T20:42:09.586+0000][7][safepoint   ] Safepoint "Cleanup", Time since last: 15002220075 ns, Reaching safepoint: 316923 ns, At safepoint: 6903 ns, Total: 323826 ns
[2022-03-22T20:42:29.590+0000][7][safepoint   ] Safepoint "Cleanup", Time since last: 20002852656 ns, Reaching safepoint: 505165 ns, At safepoint: 8256 ns, Total: 513421 ns
[2022-03-22T20:42:44.592+0000][7][safepoint   ] Safepoint "Cleanup", Time since last: 15002288536 ns, Reaching safepoint: 381264 ns, At safepoint: 6402 ns, Total: 387666 ns
[2022-03-22T20:42:59.595+0000][7][safepoint   ] Safepoint "Cleanup", Time since last: 15002184666 ns, Reaching safepoint: 317224 ns, At safepoint: 7083 ns, Total: 324307 ns
[2022-03-22T20:43:03.596+0000][7][safepoint   ] Safepoint "Cleanup", Time since last: 4000878627 ns, Reaching safepoint: 306343 ns, At safepoint: 6142 ns, Total: 312485 ns
[2022-03-22T20:43:04.597+0000][7][safepoint   ] Safepoint "Cleanup", Time since last: 1000443388 ns, Reaching safepoint: 313356 ns, At safepoint: 7524 ns, Total: 320880 ns
[2022-03-22T20:43:06.598+0000][7][safepoint   ] Safepoint "Cleanup", Time since last: 2000690074 ns, Reaching safepoint: 345527 ns, At safepoint: 8415 ns, Total: 353942 ns
[2022-03-22T20:43:22.601+0000][7][safepoint   ] Safepoint "Cleanup", Time since last: 16002442061 ns, Reaching safepoint: 309189 ns, At safepoint: 7273 ns, Total: 316462 ns
[2022-03-22T20:43:36.603+0000][7][safepoint   ] Safepoint "Cleanup", Time since last: 14002209743 ns, Reaching safepoint: 544720 ns, At safepoint: 16852 ns, Total: 561572 ns
[2022-03-22T20:44:06.608+0000][7][safepoint   ] Safepoint "Cleanup", Time since last: 30004255947 ns, Reaching safepoint: 344976 ns, At safepoint: 6632 ns, Total: 351608 ns
[2022-03-22T20:46:06.624+0000][7][safepoint   ] Safepoint "Cleanup", Time since last: 120015939992 ns, Reaching safepoint: 300092 ns, At safepoint: 10981 ns, Total: 311073 ns
[2022-03-22T20:46:15.626+0000][7][safepoint   ] Safepoint "Cleanup", Time since last: 9001510547 ns, Reaching safepoint: 305351 ns, At safepoint: 7484 ns, Total: 312835 ns
[2022-03-22T20:46:19.627+0000][7][safepoint   ] Safepoint "Cleanup", Time since last: 4000812499 ns, Reaching safepoint: 351758 ns, At safepoint: 6322 ns, Total: 358080 ns
[2022-03-22T20:46:24.629+0000][7][safepoint   ] Safepoint "Cleanup", Time since last: 5001013659 ns, Reaching safepoint: 262802 ns, At safepoint: 6623 ns, Total: 269425 ns
[2022-03-22T20:46:48.632+0000][7][safepoint   ] Safepoint "Cleanup", Time since last: 24003323680 ns, Reaching safepoint: 276838 ns, At safepoint: 6542 ns, Total: 283380 ns
[2022-03-22T20:46:49.633+0000][7][safepoint   ] Safepoint "Cleanup", Time since last: 1000454549 ns, Reaching safepoint: 270105 ns, At safepoint: 6793 ns, Total: 276898 ns
[2022-03-22T20:47:32.639+0000][7][safepoint   ] Safepoint "Cleanup", Time since last: 43005787674 ns, Reaching safepoint: 293540 ns, At safepoint: 5971 ns, Total: 299511 ns
[2022-03-22T20:47:36.640+0000][7][safepoint   ] Safepoint "Cleanup", Time since last: 4000773989 ns, Reaching safepoint: 315039 ns, At safepoint: 5811 ns, Total: 320850 ns
[2022-03-22T20:47:44.256+0000][7][gc,start    ] GC(16) Pause Young (Normal) (G1 Evacuation Pause)
[2022-03-22T20:47:44.256+0000][7][gc,task     ] GC(16) Using 12 workers of 18 for evacuation
[2022-03-22T20:47:44.256+0000][7][gc,age      ] GC(16) Desired survivor size 20971520 bytes, new threshold 3 (max threshold 15)
[2022-03-22T20:47:44.267+0000][7][gc,age      ] GC(16) Age table with threshold 3 (max threshold 15)
[2022-03-22T20:47:44.267+0000][7][gc,age      ] GC(16) - age   1:     853576 bytes,     853576 total
[2022-03-22T20:47:44.267+0000][7][gc,age      ] GC(16) - age   2:   13007136 bytes,   13860712 total
[2022-03-22T20:47:44.268+0000][7][gc,age      ] GC(16) - age   3:    3880320 bytes,   17741032 total
[2022-03-22T20:47:44.268+0000][7][gc,phases   ] GC(16)   Pre Evacuate Collection Set: 0.3ms
[2022-03-22T20:47:44.268+0000][7][gc,phases   ] GC(16)   Merge Heap Roots: 0.2ms
[2022-03-22T20:47:44.268+0000][7][gc,phases   ] GC(16)   Evacuate Collection Set: 8.2ms
[2022-03-22T20:47:44.268+0000][7][gc,phases   ] GC(16)   Post Evacuate Collection Set: 1.8ms
[2022-03-22T20:47:44.268+0000][7][gc,phases   ] GC(16)   Other: 1.5ms
[2022-03-22T20:47:44.269+0000][7][gc,heap     ] GC(16) Eden regions: 70->0(71)
[2022-03-22T20:47:44.269+0000][7][gc,heap     ] GC(16) Survivor regions: 6->5(10)
[2022-03-22T20:47:44.269+0000][7][gc,heap     ] GC(16) Old regions: 15->16
[2022-03-22T20:47:44.269+0000][7][gc,heap     ] GC(16) Archive regions: 2->2
[2022-03-22T20:47:44.269+0000][7][gc,heap     ] GC(16) Humongous regions: 0->0
[2022-03-22T20:47:44.269+0000][7][gc,metaspace] GC(16) Metaspace: 91587K(92992K)->91587K(92992K) NonClass: 79080K(79872K)->79080K(79872K) Class: 12506K(13120K)->12506K(13120K)
[2022-03-22T20:47:44.269+0000][7][gc          ] GC(16) Pause Young (Normal) (G1 Evacuation Pause) 364M->85M(512M) 13.588ms
[2022-03-22T20:47:44.270+0000][7][gc,cpu      ] GC(16) User=0.09s Sys=0.00s Real=0.01s
[2022-03-22T20:47:44.270+0000][7][safepoint   ] Safepoint "G1CollectForAllocation", Time since last: 7615590608 ns, Reaching safepoint: 254877 ns, At safepoint: 13981419 ns, Total: 14236296 ns
[2022-03-22T20:47:45.271+0000][7][safepoint   ] Safepoint "Cleanup", Time since last: 1000345526 ns, Reaching safepoint: 321772 ns, At safepoint: 6863 ns, Total: 328635 ns
[2022-03-22T20:48:28.276+0000][7][safepoint   ] Safepoint "Cleanup", Time since last: 43005608620 ns, Reaching safepoint: 351528 ns, At safepoint: 6783 ns, Total: 358311 ns
[2022-03-22T20:48:33.278+0000][7][safepoint   ] Safepoint "Cleanup", Time since last: 5001023686 ns, Reaching safepoint: 270045 ns, At safepoint: 6252 ns, Total: 276297 ns
[2022-03-22T20:48:36.279+0000][7][safepoint   ] Safepoint "Cleanup", Time since last: 3000766705 ns, Reaching safepoint: 298850 ns, At safepoint: 6462 ns, Total: 305312 ns
[2022-03-22T20:49:08.284+0000][7][safepoint   ] Safepoint "Cleanup", Time since last: 32004402639 ns, Reaching safepoint: 286346 ns, At safepoint: 6903 ns, Total: 293249 ns
[2022-03-22T20:49:09.284+0000][7][safepoint   ] Safepoint "Cleanup", Time since last: 1000406882 ns, Reaching safepoint: 280575 ns, At safepoint: 6532 ns, Total: 287107 ns
[2022-03-22T20:49:18.286+0000][7][safepoint   ] Safepoint "Cleanup", Time since last: 9001607168 ns, Reaching safepoint: 304260 ns, At safepoint: 8295 ns, Total: 312555 ns
[2022-03-22T20:49:20.287+0000][7][safepoint   ] Safepoint "Cleanup", Time since last: 2000581518 ns, Reaching safepoint: 299371 ns, At safepoint: 7133 ns, Total: 306504 ns
[2022-03-22T20:49:36.290+0000][7][safepoint   ] Safepoint "Cleanup", Time since last: 16002315143 ns, Reaching safepoint: 342982 ns, At safepoint: 11492 ns, Total: 354474 ns
[2022-03-22T20:51:26.305+0000][7][safepoint   ] Safepoint "Cleanup", Time since last: 110015096961 ns, Reaching safepoint: 311132 ns, At safepoint: 7093 ns, Total: 318225 ns
[2022-03-22T20:51:36.307+0000][7][safepoint   ] Safepoint "Cleanup", Time since last: 10001669699 ns, Reaching safepoint: 325088 ns, At safepoint: 7023 ns, Total: 332111 ns
[2022-03-22T20:53:36.323+0000][7][safepoint   ] Safepoint "Cleanup", Time since last: 120015279376 ns, Reaching safepoint: 310912 ns, At safepoint: 7544 ns, Total: 318456 ns
[2022-03-22T20:54:48.332+0000][7][safepoint   ] Safepoint "Cleanup", Time since last: 72009077957 ns, Reaching safepoint: 355836 ns, At safepoint: 22402 ns, Total: 378238 ns
[2022-03-22T20:55:00.334+0000][7][safepoint   ] Safepoint "Cleanup", Time since last: 12001764074 ns, Reaching safepoint: 327493 ns, At safepoint: 7234 ns, Total: 334727 ns
[2022-03-22T20:55:03.335+0000][7][safepoint   ] Safepoint "Cleanup", Time since last: 3000730968 ns, Reaching safepoint: 324507 ns, At safepoint: 6823 ns, Total: 331330 ns
[2022-03-22T20:55:08.889+0000][7][gc,heap,exit] Heap
[2022-03-22T20:55:08.890+0000][7][gc,heap,exit]  garbage-first heap   total 524288K, used 288207K [0x00000000e0000000, 0x0000000100000000)
[2022-03-22T20:55:08.890+0000][7][gc,heap,exit]   region size 4096K, 54 young (221184K), 5 survivors (20480K)
[2022-03-22T20:55:08.890+0000][7][gc,heap,exit]  Metaspace       used 91832K, committed 93184K, reserved 1130496K
[2022-03-22T20:55:08.890+0000][7][gc,heap,exit]   class space    used 12546K, committed 13120K, reserved 1048576K
